Archive member included to satisfy reference by file (symbol)

d:/kffang/backup_sofware/anlogicstudio0303/toolchain/fpsoc/gcc/bin/../lib/gcc/riscv-nuclei-elf/10.2.0/../../../../riscv-nuclei-elf/lib/rv64imafdc/lp64d\libg_nano.a(lib_a-atexit.o)
                              ../../../../../SoC/demosoc/Common/Source/GCC/startup_demosoc.S.o (atexit)
d:/kffang/backup_sofware/anlogicstudio0303/toolchain/fpsoc/gcc/bin/../lib/gcc/riscv-nuclei-elf/10.2.0/../../../../riscv-nuclei-elf/lib/rv64imafdc/lp64d\libg_nano.a(lib_a-fini.o)
                              ../../../../../SoC/demosoc/Common/Source/GCC/startup_demosoc.S.o (__libc_fini_array)
d:/kffang/backup_sofware/anlogicstudio0303/toolchain/fpsoc/gcc/bin/../lib/gcc/riscv-nuclei-elf/10.2.0/../../../../riscv-nuclei-elf/lib/rv64imafdc/lp64d\libg_nano.a(lib_a-impure.o)
                              ../../../../../SoC/demosoc/Common/Source/Drivers/al9000_uart.c.o (_impure_ptr)
d:/kffang/backup_sofware/anlogicstudio0303/toolchain/fpsoc/gcc/bin/../lib/gcc/riscv-nuclei-elf/10.2.0/../../../../riscv-nuclei-elf/lib/rv64imafdc/lp64d\libg_nano.a(lib_a-init.o)
                              ../../../../../SoC/demosoc/Common/Source/GCC/startup_demosoc.S.o (__libc_init_array)
d:/kffang/backup_sofware/anlogicstudio0303/toolchain/fpsoc/gcc/bin/../lib/gcc/riscv-nuclei-elf/10.2.0/../../../../riscv-nuclei-elf/lib/rv64imafdc/lp64d\libg_nano.a(lib_a-memset.o)
                              ./main.c.o (memset)
d:/kffang/backup_sofware/anlogicstudio0303/toolchain/fpsoc/gcc/bin/../lib/gcc/riscv-nuclei-elf/10.2.0/../../../../riscv-nuclei-elf/lib/rv64imafdc/lp64d\libg_nano.a(lib_a-printf.o)
                              ../../../../../SoC/demosoc/Common/Source/Drivers/al9000_can.c.o (printf)
d:/kffang/backup_sofware/anlogicstudio0303/toolchain/fpsoc/gcc/bin/../lib/gcc/riscv-nuclei-elf/10.2.0/../../../../riscv-nuclei-elf/lib/rv64imafdc/lp64d\libg_nano.a(lib_a-puts.o)
                              ../../../../../SoC/demosoc/Common/Source/Drivers/al9000_can.c.o (puts)
d:/kffang/backup_sofware/anlogicstudio0303/toolchain/fpsoc/gcc/bin/../lib/gcc/riscv-nuclei-elf/10.2.0/../../../../riscv-nuclei-elf/lib/rv64imafdc/lp64d\libg_nano.a(lib_a-reent.o)
                              ../../../../../SoC/demosoc/Common/Source/Stubs/close.c.o (errno)
d:/kffang/backup_sofware/anlogicstudio0303/toolchain/fpsoc/gcc/bin/../lib/gcc/riscv-nuclei-elf/10.2.0/../../../../riscv-nuclei-elf/lib/rv64imafdc/lp64d\libg_nano.a(lib_a-setvbuf.o)
                              ../../../../../SoC/demosoc/Common/Source/Drivers/al9000_uart.c.o (setvbuf)
d:/kffang/backup_sofware/anlogicstudio0303/toolchain/fpsoc/gcc/bin/../lib/gcc/riscv-nuclei-elf/10.2.0/../../../../riscv-nuclei-elf/lib/rv64imafdc/lp64d\libg_nano.a(lib_a-sysisatty.o)
                              ../../../../../SoC/demosoc/Common/Source/Stubs/write.c.o (isatty)
d:/kffang/backup_sofware/anlogicstudio0303/toolchain/fpsoc/gcc/bin/../lib/gcc/riscv-nuclei-elf/10.2.0/../../../../riscv-nuclei-elf/lib/rv64imafdc/lp64d\libg_nano.a(lib_a-wbuf.o)
                              d:/kffang/backup_sofware/anlogicstudio0303/toolchain/fpsoc/gcc/bin/../lib/gcc/riscv-nuclei-elf/10.2.0/../../../../riscv-nuclei-elf/lib/rv64imafdc/lp64d\libg_nano.a(lib_a-puts.o) (__swbuf_r)
d:/kffang/backup_sofware/anlogicstudio0303/toolchain/fpsoc/gcc/bin/../lib/gcc/riscv-nuclei-elf/10.2.0/../../../../riscv-nuclei-elf/lib/rv64imafdc/lp64d\libg_nano.a(lib_a-wsetup.o)
                              d:/kffang/backup_sofware/anlogicstudio0303/toolchain/fpsoc/gcc/bin/../lib/gcc/riscv-nuclei-elf/10.2.0/../../../../riscv-nuclei-elf/lib/rv64imafdc/lp64d\libg_nano.a(lib_a-puts.o) (__swsetup_r)
d:/kffang/backup_sofware/anlogicstudio0303/toolchain/fpsoc/gcc/bin/../lib/gcc/riscv-nuclei-elf/10.2.0/../../../../riscv-nuclei-elf/lib/rv64imafdc/lp64d\libg_nano.a(lib_a-__atexit.o)
                              d:/kffang/backup_sofware/anlogicstudio0303/toolchain/fpsoc/gcc/bin/../lib/gcc/riscv-nuclei-elf/10.2.0/../../../../riscv-nuclei-elf/lib/rv64imafdc/lp64d\libg_nano.a(lib_a-atexit.o) (__register_exitproc)
d:/kffang/backup_sofware/anlogicstudio0303/toolchain/fpsoc/gcc/bin/../lib/gcc/riscv-nuclei-elf/10.2.0/../../../../riscv-nuclei-elf/lib/rv64imafdc/lp64d\libg_nano.a(lib_a-__call_atexit.o)
                              d:/kffang/backup_sofware/anlogicstudio0303/toolchain/fpsoc/gcc/bin/../lib/gcc/riscv-nuclei-elf/10.2.0/../../../../riscv-nuclei-elf/lib/rv64imafdc/lp64d\libg_nano.a(lib_a-__atexit.o) (__call_exitprocs)
d:/kffang/backup_sofware/anlogicstudio0303/toolchain/fpsoc/gcc/bin/../lib/gcc/riscv-nuclei-elf/10.2.0/../../../../riscv-nuclei-elf/lib/rv64imafdc/lp64d\libg_nano.a(lib_a-fflush.o)
                              d:/kffang/backup_sofware/anlogicstudio0303/toolchain/fpsoc/gcc/bin/../lib/gcc/riscv-nuclei-elf/10.2.0/../../../../riscv-nuclei-elf/lib/rv64imafdc/lp64d\libg_nano.a(lib_a-setvbuf.o) (_fflush_r)
[...]
Memory Configuration

Name             Origin             Length             Attributes
ilm              0x0000000061000000 0x0000000000010000 axrl !w
ram              0x0000000061010000 0x0000000000010000 axw !rl
*default*        0x0000000000000000 0xffffffffffffffff

Linker script and memory map

LOAD ../../../../../SoC/demosoc/Common/Source/GCC/intexc_demosoc.S.o
LOAD ../../../../../SoC/demosoc/Common/Source/GCC/startup_demosoc.S.o
LOAD ../../../../../SoC/demosoc/Common/Source/Drivers/al9000_can.c.o
LOAD ../../../../../SoC/demosoc/Common/Source/Drivers/al9000_dma.c.o
LOAD ../../../../../SoC/demosoc/Common/Source/Drivers/al9000_gpio.c.o
LOAD ../../../../../SoC/demosoc/Common/Source/Drivers/al9000_i2c.c.o
LOAD ../../../../../SoC/demosoc/Common/Source/Drivers/al9000_qspi.c.o
LOAD ../../../../../SoC/demosoc/Common/Source/Drivers/al9000_spi.c.o
LOAD ../../../../../SoC/demosoc/Common/Source/Drivers/al9000_uart.c.o
LOAD ../../../../../SoC/demosoc/Common/Source/Drivers/demosoc_uart.c.o
LOAD ../../../../../SoC/demosoc/Common/Source/Stubs/clock_getres.c.o
LOAD ../../../../../SoC/demosoc/Common/Source/Stubs/clock_gettime.c.o
LOAD ../../../../../SoC/demosoc/Common/Source/Stubs/clock_settime.c.o
LOAD ../../../../../SoC/demosoc/Common/Source/Stubs/close.c.o
LOAD ../../../../../SoC/demosoc/Common/Source/Stubs/execve.c.o
LOAD ../../../../../SoC/demosoc/Common/Source/Stubs/exit.c.o
LOAD ../../../../../SoC/demosoc/Common/Source/Stubs/fork.c.o
LOAD ../../../../../SoC/demosoc/Common/Source/Stubs/fstat.c.o
LOAD ../../../../../SoC/demosoc/Common/Source/Stubs/getpid.c.o
LOAD ../../../../../SoC/demosoc/Common/Source/Stubs/gettimeofday.c.o
LOAD ../../../../../SoC/demosoc/Common/Source/Stubs/isatty.c.o
LOAD ../../../../../SoC/demosoc/Common/Source/Stubs/kill.c.o
LOAD ../../../../../SoC/demosoc/Common/Source/Stubs/link.c.o
LOAD ../../../../../SoC/demosoc/Common/Source/Stubs/lseek.c.o
LOAD ../../../../../SoC/demosoc/Common/Source/Stubs/open.c.o
LOAD ../../../../../SoC/demosoc/Common/Source/Stubs/read.c.o
LOAD ../../../../../SoC/demosoc/Common/Source/Stubs/sbrk.c.o
LOAD ../../../../../SoC/demosoc/Common/Source/Stubs/stat.c.o
LOAD ../../../../../SoC/demosoc/Common/Source/Stubs/times.c.o
LOAD ../../../../../SoC/demosoc/Common/Source/Stubs/unlink.c.o
LOAD ../../../../../SoC/demosoc/Common/Source/Stubs/wait.c.o
LOAD ../../../../../SoC/demosoc/Common/Source/Stubs/write.c.o
LOAD ../../../../../SoC/demosoc/Common/Source/demosoc_common.c.o
LOAD ../../../../../SoC/demosoc/Common/Source/system_demosoc.c.o
LOAD ./main.c.o
LOAD d:/kffang/backup_sofware/anlogicstudio0303/toolchain/fpsoc/gcc/bin/../lib/gcc/riscv-nuclei-elf/10.2.0/../../../../riscv-nuclei-elf/lib/rv64imafdc/lp64d\libstdc++.a
LOAD d:/kffang/backup_sofware/anlogicstudio0303/toolchain/fpsoc/gcc/bin/../lib/gcc/riscv-nuclei-elf/10.2.0/rv64imafdc/lp64d\libgcc.a
LOAD d:/kffang/backup_sofware/anlogicstudio0303/toolchain/fpsoc/gcc/bin/../lib/gcc/riscv-nuclei-elf/10.2.0/../../../../riscv-nuclei-elf/lib/rv64imafdc/lp64d\libg_nano.a
LOAD d:/kffang/backup_sofware/anlogicstudio0303/toolchain/fpsoc/gcc/bin/../lib/gcc/riscv-nuclei-elf/10.2.0/../../../../riscv-nuclei-elf/lib/rv64imafdc/lp64d\libc_nano.a
LOAD d:/kffang/backup_sofware/anlogicstudio0303/toolchain/fpsoc/gcc/bin/../lib/gcc/riscv-nuclei-elf/10.2.0/rv64imafdc/lp64d\libgcc.a
START GROUP
LOAD d:/kffang/backup_sofware/anlogicstudio0303/toolchain/fpsoc/gcc/bin/../lib/gcc/riscv-nuclei-elf/10.2.0/rv64imafdc/lp64d\libgcc.a
LOAD d:/kffang/backup_sofware/anlogicstudio0303/toolchain/fpsoc/gcc/bin/../lib/gcc/riscv-nuclei-elf/10.2.0/../../../../riscv-nuclei-elf/lib/rv64imafdc/lp64d\libc_nano.a
LOAD d:/kffang/backup_sofware/anlogicstudio0303/toolchain/fpsoc/gcc/bin/../lib/gcc/riscv-nuclei-elf/10.2.0/../../../../riscv-nuclei-elf/lib/rv64imafdc/lp64d\libnosys.a
END GROUP
START GROUP
LOAD d:/kffang/backup_sofware/anlogicstudio0303/toolchain/fpsoc/gcc/bin/../lib/gcc/riscv-nuclei-elf/10.2.0/rv64imafdc/lp64d\libgcc.a
LOAD d:/kffang/backup_sofware/anlogicstudio0303/toolchain/fpsoc/gcc/bin/../lib/gcc/riscv-nuclei-elf/10.2.0/../../../../riscv-nuclei-elf/lib/rv64imafdc/lp64d\libc_nano.a
LOAD d:/kffang/backup_sofware/anlogicstudio0303/toolchain/fpsoc/gcc/bin/../lib/gcc/riscv-nuclei-elf/10.2.0/../../../../riscv-nuclei-elf/lib/rv64imafdc/lp64d\libnosys.a
END GROUP
                0x0000000000000800                __stack_size = DEFINED (__stack_size)?__stack_size:0x800

.init           0x0000000061000000      0x2aa
 *(.vtable)
 .vtable        0x0000000061000000      0x1b0 ../../../../../SoC/demosoc/Common/Source/GCC/startup_demosoc.S.o
                0x0000000061000000                vector_base
 *(SORT_NONE(.init))
 .init          0x00000000610001b0       0xfa ../../../../../SoC/demosoc/Common/Source/GCC/startup_demosoc.S.o
                0x00000000610001b0                _start

.ilalign        0x00000000610002aa        0x2
                0x00000000610002ac                . = ALIGN (0x4)
 *fill*         0x00000000610002aa        0x2 
                0x00000000610002ac                PROVIDE (_ilm_lma = .)

.ialign         0x00000000610002ac        0x0
                0x00000000610002ac                PROVIDE (_ilm = .)

.text           0x00000000610002c0     0x4228
 *(.text.unlikely .text.unlikely.*)
 *(.text.startup .text.startup.*)
 *(.text .text.*)
 .text.trap     0x00000000610002c0       0x7e ../../../../../SoC/demosoc/Common/Source/GCC/intexc_demosoc.S.o
                0x00000000610002c0                exc_entry
 *fill*         0x000000006100033e        0x2 
 .text.irq      0x0000000061000340       0x76 ../../../../../SoC/demosoc/Common/Source/GCC/intexc_demosoc.S.o
                0x0000000061000340                irq_entry
                0x00000000610003b2                default_intexc_handler
 .text.dw_dmac_enable
                0x00000000610003b6       0x2c ../../../../../SoC/demosoc/Common/Source/Drivers/al9000_dma.c.o
                0x00000000610003b6                dw_dmac_enable
 .text.dw_dmac_disable
                0x00000000610003e2       0x34 ../../../../../SoC/demosoc/Common/Source/Drivers/al9000_dma.c.o
                0x00000000610003e2                dw_dmac_disable
 .text.dw_dmac_enableChannel
                0x0000000061000416      0x184 ../../../../../SoC/demosoc/Common/Source/Drivers/al9000_dma.c.o
                0x0000000061000416                dw_dmac_enableChannel
 .text.dw_dmac_disableChannel
                0x000000006100059a       0x4c ../../../../../SoC/demosoc/Common/Source/Drivers/al9000_dma.c.o
                0x000000006100059a                dw_dmac_disableChannel
 .text.dw_dmac_setAddress
                0x00000000610005e6       0x70 ../../../../../SoC/demosoc/Common/Source/Drivers/al9000_dma.c.o
                0x00000000610005e6                dw_dmac_setAddress
 .text.dw_dmac_setChannelConfig
                0x0000000061000656      0x1d6 ../../../../../SoC/demosoc/Common/Source/Drivers/al9000_dma.c.o
                0x0000000061000656                dw_dmac_setChannelConfig
 .text.dw_dmac_setTransferType
                0x000000006100082c      0x1d0 ../../../../../SoC/demosoc/Common/Source/Drivers/al9000_dma.c.o
                0x000000006100082c                dw_dmac_setTransferType
 .text.dw_dmac_setMemPeriphFlowCtl
                0x00000000610009fc       0xd6 ../../../../../SoC/demosoc/Common/Source/Drivers/al9000_dma.c.o
                0x00000000610009fc                dw_dmac_setMemPeriphFlowCtl
 .text.dw_dmac_setTransWidth
                0x0000000061000ad2      0x21e ../../../../../SoC/demosoc/Common/Source/Drivers/al9000_dma.c.o
                0x0000000061000ad2                dw_dmac_setTransWidth
 .text.dw_dmac_setBlockTransSize
                0x0000000061000cf0       0x6e ../../../../../SoC/demosoc/Common/Source/Drivers/al9000_dma.c.o
                0x0000000061000cf0                dw_dmac_setBlockTransSize
 .text.dw_dmac_setBurstTransLength
                0x0000000061000d5e      0x27c ../../../../../SoC/demosoc/Common/Source/Drivers/al9000_dma.c.o
                0x0000000061000d5e                dw_dmac_setBurstTransLength
 .text.dw_dmac_setAddressInc
                0x0000000061000fda      0x166 ../../../../../SoC/demosoc/Common/Source/Drivers/al9000_dma.c.o
                0x0000000061000fda                dw_dmac_setAddressInc
 .text.dw_dmac_set_contigous
                0x0000000061001140       0x50 ../../../../../SoC/demosoc/Common/Source/Drivers/al9000_dma.c.o
                0x0000000061001140                dw_dmac_set_contigous
 .text.dw_dmac_setReload
                0x0000000061001190       0xae ../../../../../SoC/demosoc/Common/Source/Drivers/al9000_dma.c.o
                0x0000000061001190                dw_dmac_setReload
 .text.dw_dmac_setSingle
                0x000000006100123e       0xae ../../../../../SoC/demosoc/Common/Source/Drivers/al9000_dma.c.o
                0x000000006100123e                dw_dmac_setSingle
 .text.dw_dmac_setLlpEnable
                0x00000000610012ec       0xc8 ../../../../../SoC/demosoc/Common/Source/Drivers/al9000_dma.c.o
                0x00000000610012ec                dw_dmac_setLlpEnable
 .text.dw_dmac_checkChannelBusy
                0x00000000610013b4       0x34 ../../../../../SoC/demosoc/Common/Source/Drivers/al9000_dma.c.o
                0x00000000610013b4                dw_dmac_checkChannelBusy
 .text.dam_handshake_interfance
                0x00000000610013e8       0x5a ../../../../../SoC/demosoc/Common/Source/Drivers/al9000_dma.c.o
                0x00000000610013e8                dam_handshake_interfance
 .text.write_To_OCM
                0x0000000061001442       0x68 ../../../../../SoC/demosoc/Common/Source/Drivers/al9000_dma.c.o
                0x0000000061001442                write_To_OCM
 .text.qspi_dma_data_level
                0x00000000610014aa       0x3c ../../../../../SoC/demosoc/Common/Source/Drivers/al9000_dma.c.o
                0x00000000610014aa                qspi_dma_data_level
 .text.qspi_dma_tx_enable
                0x00000000610014e6       0x28 ../../../../../SoC/demosoc/Common/Source/Drivers/al9000_dma.c.o
                0x00000000610014e6                qspi_dma_tx_enable
 .text.qspi_dma_rx_enable
                0x000000006100150e       0x28 ../../../../../SoC/demosoc/Common/Source/Drivers/al9000_dma.c.o
                0x000000006100150e                qspi_dma_rx_enable
 .text.qspi_dma_Init
                0x0000000061001536      0x118 ../../../../../SoC/demosoc/Common/Source/Drivers/al9000_dma.c.o
                0x0000000061001536                qspi_dma_Init
 .text.dwc_ssi_disable
                0x000000006100164e       0x2e ../../../../../SoC/demosoc/Common/Source/Drivers/al9000_qspi.c.o
                0x000000006100164e                dwc_ssi_disable
 .text.dwc_ssi_enable
                0x000000006100167c       0x2e ../../../../../SoC/demosoc/Common/Source/Drivers/al9000_qspi.c.o
                0x000000006100167c                dwc_ssi_enable
 .text.qspi_x1_mode
                0x00000000610016aa       0x36 ../../../../../SoC/demosoc/Common/Source/Drivers/al9000_qspi.c.o
                0x00000000610016aa                qspi_x1_mode
 .text.qspi_x4_mode
                0x00000000610016e0       0x3e ../../../../../SoC/demosoc/Common/Source/Drivers/al9000_qspi.c.o
                0x00000000610016e0                qspi_x4_mode
 .text.qspi_tmod_tx
                0x000000006100171e       0x3a ../../../../../SoC/demosoc/Common/Source/Drivers/al9000_qspi.c.o
                0x000000006100171e                qspi_tmod_tx
 .text.qspi_tmod_rx
                0x0000000061001758       0x40 ../../../../../SoC/demosoc/Common/Source/Drivers/al9000_qspi.c.o
                0x0000000061001758                qspi_tmod_rx
 .text.qspi_tmod_e2prom
                0x0000000061001798       0x36 ../../../../../SoC/demosoc/Common/Source/Drivers/al9000_qspi.c.o
                0x0000000061001798                qspi_tmod_e2prom
 .text.qspi_dfs
                0x00000000610017ce       0x4a ../../../../../SoC/demosoc/Common/Source/Drivers/al9000_qspi.c.o
                0x00000000610017ce                qspi_dfs
 .text.qspi_ser
                0x0000000061001818       0x36 ../../../../../SoC/demosoc/Common/Source/Drivers/al9000_qspi.c.o
                0x0000000061001818                qspi_ser
 .text.qspi_sckdiv_cfg
                0x000000006100184e       0x3e ../../../../../SoC/demosoc/Common/Source/Drivers/al9000_qspi.c.o
                0x000000006100184e                qspi_sckdiv_cfg
 .text.qspi_txftl_tft
                0x000000006100188c       0x46 ../../../../../SoC/demosoc/Common/Source/Drivers/al9000_qspi.c.o
                0x000000006100188c                qspi_txftl_tft
 .text.qspi_txfifo_start_level_set
                0x00000000610018d2       0x72 ../../../../../SoC/demosoc/Common/Source/Drivers/al9000_qspi.c.o
                0x00000000610018d2                qspi_txfifo_start_level_set
 .text.qspi_data_transmit
                0x0000000061001944       0x36 ../../../../../SoC/demosoc/Common/Source/Drivers/al9000_qspi.c.o
                0x0000000061001944                qspi_data_transmit
 .text.qspi_data_read
                0x000000006100197a       0x1a ../../../../../SoC/demosoc/Common/Source/Drivers/al9000_qspi.c.o
                0x000000006100197a                qspi_data_read
 .text.qspi_sr_tfe
                0x0000000061001994       0x26 ../../../../../SoC/demosoc/Common/Source/Drivers/al9000_qspi.c.o
                0x0000000061001994                qspi_sr_tfe
 .text.qspi_sr_busy
                0x00000000610019ba       0x26 ../../../../../SoC/demosoc/Common/Source/Drivers/al9000_qspi.c.o
                0x00000000610019ba                qspi_sr_busy
 .text.qspi_ctrl1_ndf
                0x00000000610019e0       0x22 ../../../../../SoC/demosoc/Common/Source/Drivers/al9000_qspi.c.o
                0x00000000610019e0                qspi_ctrl1_ndf
 .text.qspi_spictrlr0_trans_type
                0x0000000061001a02       0x3a ../../../../../SoC/demosoc/Common/Source/Drivers/al9000_qspi.c.o
                0x0000000061001a02                qspi_spictrlr0_trans_type
 .text.qspi_spictrlr0_addr_l
                0x0000000061001a3c       0x3a ../../../../../SoC/demosoc/Common/Source/Drivers/al9000_qspi.c.o
                0x0000000061001a3c                qspi_spictrlr0_addr_l
 .text.qspi_spictrlr0_xip_mod
                0x0000000061001a76       0x3a ../../../../../SoC/demosoc/Common/Source/Drivers/al9000_qspi.c.o
                0x0000000061001a76                qspi_spictrlr0_xip_mod
 .text.qspi_spictrlr0_inst_l
                0x0000000061001ab0       0x3a ../../../../../SoC/demosoc/Common/Source/Drivers/al9000_qspi.c.o
                0x0000000061001ab0                qspi_spictrlr0_inst_l
 .text.qspi_spictrlr0_wait_cycles
                0x0000000061001aea       0x3e ../../../../../SoC/demosoc/Common/Source/Drivers/al9000_qspi.c.o
                0x0000000061001aea                qspi_spictrlr0_wait_cycles
 .text.qspi_spictrlr0_xip_dfs_hc
                0x0000000061001b28       0x3e ../../../../../SoC/demosoc/Common/Source/Drivers/al9000_qspi.c.o
                0x0000000061001b28                qspi_spictrlr0_xip_dfs_hc
 .text.qspi_spictrlr0_xip_inst_en
                0x0000000061001b66       0x3e ../../../../../SoC/demosoc/Common/Source/Drivers/al9000_qspi.c.o
                0x0000000061001b66                qspi_spictrlr0_xip_inst_en
 .text.qspi_spictrlr0_xip_cont_xfer_en
                0x0000000061001ba4       0x3e ../../../../../SoC/demosoc/Common/Source/Drivers/al9000_qspi.c.o
                0x0000000061001ba4                qspi_spictrlr0_xip_cont_xfer_en
 .text.qspi_spictrlr0_xip_mbl
                0x0000000061001be2       0x3e ../../../../../SoC/demosoc/Common/Source/Drivers/al9000_qspi.c.o
                0x0000000061001be2                qspi_spictrlr0_xip_mbl
 .text.qspi_spictrlr0_xip_prefetch_en
                0x0000000061001c20       0x3e ../../../../../SoC/demosoc/Common/Source/Drivers/al9000_qspi.c.o
                0x0000000061001c20                qspi_spictrlr0_xip_prefetch_en
 .text.qspi_spictrlr0_clk_stretch_en
                0x0000000061001c5e       0x3e ../../../../../SoC/demosoc/Common/Source/Drivers/al9000_qspi.c.o
                0x0000000061001c5e                qspi_spictrlr0_clk_stretch_en
 .text.AL9000_uart_init
                0x0000000061001c9c       0x84 ../../../../../SoC/demosoc/Common/Source/Drivers/al9000_uart.c.o
                0x0000000061001c9c                AL9000_uart_init
 .text.AL9000_uart_set_baudrate
                0x0000000061001d20       0xc6 ../../../../../SoC/demosoc/Common/Source/Drivers/al9000_uart.c.o
                0x0000000061001d20                AL9000_uart_set_baudrate
 .text.AL9000_uart_dataleng_config
                0x0000000061001de6       0xa8 ../../../../../SoC/demosoc/Common/Source/Drivers/al9000_uart.c.o
                0x0000000061001de6                AL9000_uart_dataleng_config
 .text.AL9000_uart_config_stopbit
                0x0000000061001e8e       0x96 ../../../../../SoC/demosoc/Common/Source/Drivers/al9000_uart.c.o
                0x0000000061001e8e                AL9000_uart_config_stopbit
 .text.AL9000_uart_fifo_enable
                0x0000000061001f24       0x30 ../../../../../SoC/demosoc/Common/Source/Drivers/al9000_uart.c.o
                0x0000000061001f24                AL9000_uart_fifo_enable
 .text.uart_write
                0x0000000061001f54       0x50 ../../../../../SoC/demosoc/Common/Source/Drivers/al9000_uart.c.o
                0x0000000061001f54                uart_write
 .text.uart_read
                0x0000000061001fa4       0x48 ../../../../../SoC/demosoc/Common/Source/Drivers/al9000_uart.c.o
                0x0000000061001fa4                uart_read
 .text._close   0x0000000061001fec       0x22 ../../../../../SoC/demosoc/Common/Source/Stubs/close.c.o
                0x0000000061001fec                _close
 .text._fstat   0x000000006100200e       0x4e ../../../../../SoC/demosoc/Common/Source/Stubs/fstat.c.o
                0x000000006100200e                _fstat
 .text._isatty  0x000000006100205c       0x16 ../../../../../SoC/demosoc/Common/Source/Stubs/isatty.c.o
                0x000000006100205c                _isatty
 .text._lseek   0x0000000061002072       0x26 ../../../../../SoC/demosoc/Common/Source/Stubs/lseek.c.o
                0x0000000061002072                _lseek
 .text._read    0x0000000061002098       0x4e ../../../../../SoC/demosoc/Common/Source/Stubs/read.c.o
                0x0000000061002098                _read
 .text._sbrk    0x00000000610020e6       0x78 ../../../../../SoC/demosoc/Common/Source/Stubs/sbrk.c.o
                0x00000000610020e6                _sbrk
 .text._write   0x000000006100215e       0x9a ../../../../../SoC/demosoc/Common/Source/Stubs/write.c.o
                0x000000006100215e                _write
 .text.SystemInit
                0x00000000610021f8       0x20 ../../../../../SoC/demosoc/Common/Source/system_demosoc.c.o
                0x00000000610021f8                SystemInit
 .text.system_default_exception_handler
                0x0000000061002218       0x64 ../../../../../SoC/demosoc/Common/Source/system_demosoc.c.o
 .text.Exception_Init
                0x000000006100227c       0x48 ../../../../../SoC/demosoc/Common/Source/system_demosoc.c.o
 .text.core_exception_handler
                0x00000000610022c4       0x94 ../../../../../SoC/demosoc/Common/Source/system_demosoc.c.o
                0x00000000610022c4                core_exception_handler
 .text.SystemBannerPrint
                0x0000000061002358       0x78 ../../../../../SoC/demosoc/Common/Source/system_demosoc.c.o
                0x0000000061002358                SystemBannerPrint
 .text.ECLIC_Init
                0x00000000610023d0       0xa4 ../../../../../SoC/demosoc/Common/Source/system_demosoc.c.o
                0x00000000610023d0                ECLIC_Init
 .text._premain_init
                0x0000000061002474       0x3a ../../../../../SoC/demosoc/Common/Source/system_demosoc.c.o
                0x0000000061002474                _premain_init
 .text._postmain_fini
                0x00000000610024ae       0x14 ../../../../../SoC/demosoc/Common/Source/system_demosoc.c.o
                0x00000000610024ae                _postmain_fini
 .text._init    0x00000000610024c2        0xe ../../../../../SoC/demosoc/Common/Source/system_demosoc.c.o
                0x00000000610024c2                _init
 .text._fini    0x00000000610024d0        0xe ../../../../../SoC/demosoc/Common/Source/system_demosoc.c.o
                0x00000000610024d0                _fini
 .text.SReadID  0x00000000610024de       0xb2 ./main.c.o
                0x00000000610024de                SReadID
 .text.flash_write_enable
                0x0000000061002590       0xa4 ./main.c.o
                0x0000000061002590                flash_write_enable
 .text.flash_wait_wip
                0x0000000061002634       0xd4 ./main.c.o
                0x0000000061002634                flash_wait_wip
 .text.mem_data_check
                0x0000000061002708      0x11a ./main.c.o
                0x0000000061002708                mem_data_check
 .text.printf_mem_data
                0x0000000061002822       0x82 ./main.c.o
                0x0000000061002822                printf_mem_data
 .text.main     0x00000000610028a4      0x678 ./main.c.o
                0x00000000610028a4                main
 .text.atexit   0x0000000061002f1c        0xa d:/kffang/backup_sofware/anlogicstudio0303/toolchain/fpsoc/gcc/bin/../lib/gcc/riscv-nuclei-elf/10.2.0/../../../../riscv-nuclei-elf/lib/rv64imafdc/lp64d\libg_nano.a(lib_a-atexit.o)
                0x0000000061002f1c                atexit
 .text.__libc_fini_array
                0x0000000061002f26       0x36 d:/kffang/backup_sofware/anlogicstudio0303/toolchain/fpsoc/gcc/bin/../lib/gcc/riscv-nuclei-elf/10.2.0/../../../../riscv-nuclei-elf/lib/rv64imafdc/lp64d\libg_nano.a(lib_a-fini.o)
                0x0000000061002f26                __libc_fini_array
 .text.__libc_init_array
                0x0000000061002f5c       0x5e d:/kffang/backup_sofware/anlogicstudio0303/toolchain/fpsoc/gcc/bin/../lib/gcc/riscv-nuclei-elf/10.2.0/../../../../riscv-nuclei-elf/lib/rv64imafdc/lp64d\libg_nano.a(lib_a-init.o)
                0x0000000061002f5c                __libc_init_array
 .text          0x0000000061002fba       0xaa d:/kffang/backup_sofware/anlogicstudio0303/toolchain/fpsoc/gcc/bin/../lib/gcc/riscv-nuclei-elf/10.2.0/../../../../riscv-nuclei-elf/lib/rv64imafdc/lp64d\libg_nano.a(lib_a-memset.o)
                0x0000000061002fba                memset
 .text.printf   0x0000000061003064       0x3c d:/kffang/backup_sofware/anlogicstudio0303/toolchain/fpsoc/gcc/bin/../lib/gcc/riscv-nuclei-elf/10.2.0/../../../../riscv-nuclei-elf/lib/rv64imafdc/lp64d\libg_nano.a(lib_a-printf.o)
                0x0000000061003064                iprintf
                0x0000000061003064                printf
 .text._puts_r  0x00000000610030a0       0xe8 d:/kffang/backup_sofware/anlogicstudio0303/toolchain/fpsoc/gcc/bin/../lib/gcc/riscv-nuclei-elf/10.2.0/../../../../riscv-nuclei-elf/lib/rv64imafdc/lp64d\libg_nano.a(lib_a-puts.o)
                0x00000000610030a0                _puts_r
 .text.puts     0x0000000061003188        0x8 d:/kffang/backup_sofware/anlogicstudio0303/toolchain/fpsoc/gcc/bin/../lib/gcc/riscv-nuclei-elf/10.2.0/../../../../riscv-nuclei-elf/lib/rv64imafdc/lp64d\libg_nano.a(lib_a-puts.o)
                0x0000000061003188                puts
 .text.setvbuf  0x0000000061003190      0x190 d:/kffang/backup_sofware/anlogicstudio0303/toolchain/fpsoc/gcc/bin/../lib/gcc/riscv-nuclei-elf/10.2.0/../../../../riscv-nuclei-elf/lib/rv64imafdc/lp64d\libg_nano.a(lib_a-setvbuf.o)
                0x0000000061003190                setvbuf
 .text.isatty   0x0000000061003320        0x4 d:/kffang/backup_sofware/anlogicstudio0303/toolchain/fpsoc/gcc/bin/../lib/gcc/riscv-nuclei-elf/10.2.0/../../../../riscv-nuclei-elf/lib/rv64imafdc/lp64d\libg_nano.a(lib_a-sysisatty.o)
                0x0000000061003320                isatty
 .text.__swbuf_r
                0x0000000061003324       0xc6 d:/kffang/backup_sofware/anlogicstudio0303/toolchain/fpsoc/gcc/bin/../lib/gcc/riscv-nuclei-elf/10.2.0/../../../../riscv-nuclei-elf/lib/rv64imafdc/lp64d\libg_nano.a(lib_a-wbuf.o)
                0x0000000061003324                __swbuf_r
 .text.__swsetup_r
                0x00000000610033ea      0x10c d:/kffang/backup_sofware/anlogicstudio0303/toolchain/fpsoc/gcc/bin/../lib/gcc/riscv-nuclei-elf/10.2.0/../../../../riscv-nuclei-elf/lib/rv64imafdc/lp64d\libg_nano.a(lib_a-wsetup.o)
                0x00000000610033ea                __swsetup_r
 .text.__register_exitproc
                0x00000000610034f6       0x7a d:/kffang/backup_sofware/anlogicstudio0303/toolchain/fpsoc/gcc/bin/../lib/gcc/riscv-nuclei-elf/10.2.0/../../../../riscv-nuclei-elf/lib/rv64imafdc/lp64d\libg_nano.a(lib_a-__atexit.o)
                0x00000000610034f6                __register_exitproc
 .text.__sflush_r
                0x0000000061003570      0x13a d:/kffang/backup_sofware/anlogicstudio0303/toolchain/fpsoc/gcc/bin/../lib/gcc/riscv-nuclei-elf/10.2.0/../../../../riscv-nuclei-elf/lib/rv64imafdc/lp64d\libg_nano.a(lib_a-fflush.o)
                0x0000000061003570                __sflush_r
 .text._fflush_r
                0x00000000610036aa       0x66 d:/kffang/backup_sofware/anlogicstudio0303/toolchain/fpsoc/gcc/bin/../lib/gcc/riscv-nuclei-elf/10.2.0/../../../../riscv-nuclei-elf/lib/rv64imafdc/lp64d\libg_nano.a(lib_a-fflush.o)
                0x00000000610036aa                _fflush_r
 .text.std      0x0000000061003710       0x66 d:/kffang/backup_sofware/anlogicstudio0303/toolchain/fpsoc/gcc/bin/../lib/gcc/riscv-nuclei-elf/10.2.0/../../../../riscv-nuclei-elf/lib/rv64imafdc/lp64d\libg_nano.a(lib_a-findfp.o)
 .text._cleanup_r
                0x0000000061003776        0xa d:/kffang/backup_sofware/anlogicstudio0303/toolchain/fpsoc/gcc/bin/../lib/gcc/riscv-nuclei-elf/10.2.0/../../../../riscv-nuclei-elf/lib/rv64imafdc/lp64d\libg_nano.a(lib_a-findfp.o)
                0x0000000061003776                _cleanup_r
 .text.__sfmoreglue
                0x0000000061003780       0x48 d:/kffang/backup_sofware/anlogicstudio0303/toolchain/fpsoc/gcc/bin/../lib/gcc/riscv-nuclei-elf/10.2.0/../../../../riscv-nuclei-elf/lib/rv64imafdc/lp64d\libg_nano.a(lib_a-findfp.o)
                0x0000000061003780                __sfmoreglue
 .text.__sinit  0x00000000610037c8       0x72 d:/kffang/backup_sofware/anlogicstudio0303/toolchain/fpsoc/gcc/bin/../lib/gcc/riscv-nuclei-elf/10.2.0/../../../../riscv-nuclei-elf/lib/rv64imafdc/lp64d\libg_nano.a(lib_a-findfp.o)
                0x00000000610037c8                __sinit
 .text.__sfp    0x000000006100383a       0x9a d:/kffang/backup_sofware/anlogicstudio0303/toolchain/fpsoc/gcc/bin/../lib/gcc/riscv-nuclei-elf/10.2.0/../../../../riscv-nuclei-elf/lib/rv64imafdc/lp64d\libg_nano.a(lib_a-findfp.o)
                0x000000006100383a                __sfp
 .text._fwalk_reent
                0x00000000610038d4       0x6c d:/kffang/backup_sofware/anlogicstudio0303/toolchain/fpsoc/gcc/bin/../lib/gcc/riscv-nuclei-elf/10.2.0/../../../../riscv-nuclei-elf/lib/rv64imafdc/lp64d\libg_nano.a(lib_a-fwalk.o)
                0x00000000610038d4                _fwalk_reent
 .text.__swhatbuf_r
                0x0000000061003940       0x5c d:/kffang/backup_sofware/anlogicstudio0303/toolchain/fpsoc/gcc/bin/../lib/gcc/riscv-nuclei-elf/10.2.0/../../../../riscv-nuclei-elf/lib/rv64imafdc/lp64d\libg_nano.a(lib_a-makebuf.o)
                0x0000000061003940                __swhatbuf_r
 .text.__smakebuf_r
                0x000000006100399c       0xa2 d:/kffang/backup_sofware/anlogicstudio0303/toolchain/fpsoc/gcc/bin/../lib/gcc/riscv-nuclei-elf/10.2.0/../../../../riscv-nuclei-elf/lib/rv64imafdc/lp64d\libg_nano.a(lib_a-makebuf.o)
                0x000000006100399c                __smakebuf_r
 .text.malloc   0x0000000061003a3e        0x8 d:/kffang/backup_sofware/anlogicstudio0303/toolchain/fpsoc/gcc/bin/../lib/gcc/riscv-nuclei-elf/10.2.0/../../../../riscv-nuclei-elf/lib/rv64imafdc/lp64d\libg_nano.a(lib_a-malloc.o)
                0x0000000061003a3e                malloc
 .text._free_r  0x0000000061003a46       0xa6 d:/kffang/backup_sofware/anlogicstudio0303/toolchain/fpsoc/gcc/bin/../lib/gcc/riscv-nuclei-elf/10.2.0/../../../../riscv-nuclei-elf/lib/rv64imafdc/lp64d\libg_nano.a(lib_a-nano-freer.o)
                0x0000000061003a46                _free_r
 .text._malloc_r
                0x0000000061003aec       0xee d:/kffang/backup_sofware/anlogicstudio0303/toolchain/fpsoc/gcc/bin/../lib/gcc/riscv-nuclei-elf/10.2.0/../../../../riscv-nuclei-elf/lib/rv64imafdc/lp64d\libg_nano.a(lib_a-nano-mallocr.o)
                0x0000000061003aec                _malloc_r
 .text.__sfputc_r
                0x0000000061003bda       0x2c d:/kffang/backup_sofware/anlogicstudio0303/toolchain/fpsoc/gcc/bin/../lib/gcc/riscv-nuclei-elf/10.2.0/../../../../riscv-nuclei-elf/lib/rv64imafdc/lp64d\libg_nano.a(lib_a-nano-vfprintf.o)
 .text.__sfputs_r
                0x0000000061003c06       0x44 d:/kffang/backup_sofware/anlogicstudio0303/toolchain/fpsoc/gcc/bin/../lib/gcc/riscv-nuclei-elf/10.2.0/../../../../riscv-nuclei-elf/lib/rv64imafdc/lp64d\libg_nano.a(lib_a-nano-vfprintf.o)
                0x0000000061003c06                __sfputs_r
 .text._vfprintf_r
                0x0000000061003c4a      0x2ae d:/kffang/backup_sofware/anlogicstudio0303/toolchain/fpsoc/gcc/bin/../lib/gcc/riscv-nuclei-elf/10.2.0/../../../../riscv-nuclei-elf/lib/rv64imafdc/lp64d\libg_nano.a(lib_a-nano-vfprintf.o)
                0x0000000061003c4a                _vfprintf_r
                0x0000000061003c4a                _vfiprintf_r
 .text._printf_common
                0x0000000061003ef8      0x124 d:/kffang/backup_sofware/anlogicstudio0303/toolchain/fpsoc/gcc/bin/../lib/gcc/riscv-nuclei-elf/10.2.0/../../../../riscv-nuclei-elf/lib/rv64imafdc/lp64d\libg_nano.a(lib_a-nano-vfprintf_i.o)
                0x0000000061003ef8                _printf_common
 .text._printf_i
                0x000000006100401c      0x290 d:/kffang/backup_sofware/anlogicstudio0303/toolchain/fpsoc/gcc/bin/../lib/gcc/riscv-nuclei-elf/10.2.0/../../../../riscv-nuclei-elf/lib/rv64imafdc/lp64d\libg_nano.a(lib_a-nano-vfprintf_i.o)
                0x000000006100401c                _printf_i
 .text._sbrk_r  0x00000000610042ac       0x30 d:/kffang/backup_sofware/anlogicstudio0303/toolchain/fpsoc/gcc/bin/../lib/gcc/riscv-nuclei-elf/10.2.0/../../../../riscv-nuclei-elf/lib/rv64imafdc/lp64d\libg_nano.a(lib_a-sbrkr.o)
                0x00000000610042ac                _sbrk_r
 .text.__sread  0x00000000610042dc       0x32 d:/kffang/backup_sofware/anlogicstudio0303/toolchain/fpsoc/gcc/bin/../lib/gcc/riscv-nuclei-elf/10.2.0/../../../../riscv-nuclei-elf/lib/rv64imafdc/lp64d\libg_nano.a(lib_a-stdio.o)
                0x00000000610042dc                __sread
 .text.__swrite
                0x000000006100430e       0x50 d:/kffang/backup_sofware/anlogicstudio0303/toolchain/fpsoc/gcc/bin/../lib/gcc/riscv-nuclei-elf/10.2.0/../../../../riscv-nuclei-elf/lib/rv64imafdc/lp64d\libg_nano.a(lib_a-stdio.o)
                0x000000006100430e                __swrite
 .text.__sseek  0x000000006100435e       0x38 d:/kffang/backup_sofware/anlogicstudio0303/toolchain/fpsoc/gcc/bin/../lib/gcc/riscv-nuclei-elf/10.2.0/../../../../riscv-nuclei-elf/lib/rv64imafdc/lp64d\libg_nano.a(lib_a-stdio.o)
                0x000000006100435e                __sseek
 .text.__sclose
                0x0000000061004396        0x6 d:/kffang/backup_sofware/anlogicstudio0303/toolchain/fpsoc/gcc/bin/../lib/gcc/riscv-nuclei-elf/10.2.0/../../../../riscv-nuclei-elf/lib/rv64imafdc/lp64d\libg_nano.a(lib_a-stdio.o)
                0x0000000061004396                __sclose
 .text._write_r
                0x000000006100439c       0x34 d:/kffang/backup_sofware/anlogicstudio0303/toolchain/fpsoc/gcc/bin/../lib/gcc/riscv-nuclei-elf/10.2.0/../../../../riscv-nuclei-elf/lib/rv64imafdc/lp64d\libg_nano.a(lib_a-writer.o)
                0x000000006100439c                _write_r
 .text._close_r
                0x00000000610043d0       0x30 d:/kffang/backup_sofware/anlogicstudio0303/toolchain/fpsoc/gcc/bin/../lib/gcc/riscv-nuclei-elf/10.2.0/../../../../riscv-nuclei-elf/lib/rv64imafdc/lp64d\libg_nano.a(lib_a-closer.o)
                0x00000000610043d0                _close_r
 .text._fstat_r
                0x0000000061004400       0x32 d:/kffang/backup_sofware/anlogicstudio0303/toolchain/fpsoc/gcc/bin/../lib/gcc/riscv-nuclei-elf/10.2.0/../../../../riscv-nuclei-elf/lib/rv64imafdc/lp64d\libg_nano.a(lib_a-fstatr.o)
                0x0000000061004400                _fstat_r
 .text._isatty_r
                0x0000000061004432       0x30 d:/kffang/backup_sofware/anlogicstudio0303/toolchain/fpsoc/gcc/bin/../lib/gcc/riscv-nuclei-elf/10.2.0/../../../../riscv-nuclei-elf/lib/rv64imafdc/lp64d\libg_nano.a(lib_a-isattyr.o)
                0x0000000061004432                _isatty_r
 .text._lseek_r
                0x0000000061004462       0x34 d:/kffang/backup_sofware/anlogicstudio0303/toolchain/fpsoc/gcc/bin/../lib/gcc/riscv-nuclei-elf/10.2.0/../../../../riscv-nuclei-elf/lib/rv64imafdc/lp64d\libg_nano.a(lib_a-lseekr.o)
                0x0000000061004462                _lseek_r
 .text.memchr   0x0000000061004496       0x1a d:/kffang/backup_sofware/anlogicstudio0303/toolchain/fpsoc/gcc/bin/../lib/gcc/riscv-nuclei-elf/10.2.0/../../../../riscv-nuclei-elf/lib/rv64imafdc/lp64d\libg_nano.a(lib_a-memchr.o)
                0x0000000061004496                memchr
 .text.__malloc_lock
                0x00000000610044b0        0x2 d:/kffang/backup_sofware/anlogicstudio0303/toolchain/fpsoc/gcc/bin/../lib/gcc/riscv-nuclei-elf/10.2.0/../../../../riscv-nuclei-elf/lib/rv64imafdc/lp64d\libg_nano.a(lib_a-mlock.o)
                0x00000000610044b0                __malloc_lock
 .text.__malloc_unlock
                0x00000000610044b2        0x2 d:/kffang/backup_sofware/anlogicstudio0303/toolchain/fpsoc/gcc/bin/../lib/gcc/riscv-nuclei-elf/10.2.0/../../../../riscv-nuclei-elf/lib/rv64imafdc/lp64d\libg_nano.a(lib_a-mlock.o)
                0x00000000610044b2                __malloc_unlock
 .text._read_r  0x00000000610044b4       0x34 d:/kffang/backup_sofware/anlogicstudio0303/toolchain/fpsoc/gcc/bin/../lib/gcc/riscv-nuclei-elf/10.2.0/../../../../riscv-nuclei-elf/lib/rv64imafdc/lp64d\libg_nano.a(lib_a-readr.o)
                0x00000000610044b4                _read_r
 *(.gnu.linkonce.t.*)

.rodata         0x00000000610044e8      0x52c
                0x00000000610044e8                . = ALIGN (0x4)
 *(.rdata)
 *(.rodata .rodata.*)
 .rodata.dw_dmac_enableChannel
                0x00000000610044e8       0x20 ../../../../../SoC/demosoc/Common/Source/Drivers/al9000_dma.c.o
 .rodata.dw_dmac_setTransferType
                0x0000000061004508       0x28 ../../../../../SoC/demosoc/Common/Source/Drivers/al9000_dma.c.o
 .rodata.dw_dmac_setTransWidth
                0x0000000061004530       0x28 ../../../../../SoC/demosoc/Common/Source/Drivers/al9000_dma.c.o
 .rodata.dw_dmac_setBurstTransLength
                0x0000000061004558       0x38 ../../../../../SoC/demosoc/Common/Source/Drivers/al9000_dma.c.o
 .rodata        0x0000000061004590      0x118 ../../../../../SoC/demosoc/Common/Source/system_demosoc.c.o
 .rodata        0x00000000610046a8      0x227 ./main.c.o
 *fill*         0x00000000610048cf        0x1 
 .rodata.__sf_fake_stderr
                0x00000000610048d0       0x38 d:/kffang/backup_sofware/anlogicstudio0303/toolchain/fpsoc/gcc/bin/../lib/gcc/riscv-nuclei-elf/10.2.0/../../../../riscv-nuclei-elf/lib/rv64imafdc/lp64d\libg_nano.a(lib_a-findfp.o)
                0x00000000610048d0                __sf_fake_stderr
 .rodata.__sf_fake_stdin
                0x0000000061004908       0x38 d:/kffang/backup_sofware/anlogicstudio0303/toolchain/fpsoc/gcc/bin/../lib/gcc/riscv-nuclei-elf/10.2.0/../../../../riscv-nuclei-elf/lib/rv64imafdc/lp64d\libg_nano.a(lib_a-findfp.o)
                0x0000000061004908                __sf_fake_stdin
 .rodata.__sf_fake_stdout
                0x0000000061004940       0x38 d:/kffang/backup_sofware/anlogicstudio0303/toolchain/fpsoc/gcc/bin/../lib/gcc/riscv-nuclei-elf/10.2.0/../../../../riscv-nuclei-elf/lib/rv64imafdc/lp64d\libg_nano.a(lib_a-findfp.o)
                0x0000000061004940                __sf_fake_stdout
 .rodata._vfprintf_r.str1.8
                0x0000000061004978       0x17 d:/kffang/backup_sofware/anlogicstudio0303/toolchain/fpsoc/gcc/bin/../lib/gcc/riscv-nuclei-elf/10.2.0/../../../../riscv-nuclei-elf/lib/rv64imafdc/lp64d\libg_nano.a(lib_a-nano-vfprintf.o)
 *fill*         0x000000006100498f        0x1 
 .rodata._printf_i.str1.8
                0x0000000061004990       0x29 d:/kffang/backup_sofware/anlogicstudio0303/toolchain/fpsoc/gcc/bin/../lib/gcc/riscv-nuclei-elf/10.2.0/../../../../riscv-nuclei-elf/lib/rv64imafdc/lp64d\libg_nano.a(lib_a-nano-vfprintf_i.o)
 *fill*         0x00000000610049b9        0x3 
 .rodata._printf_i
                0x00000000610049bc       0x58 d:/kffang/backup_sofware/anlogicstudio0303/toolchain/fpsoc/gcc/bin/../lib/gcc/riscv-nuclei-elf/10.2.0/../../../../riscv-nuclei-elf/lib/rv64imafdc/lp64d\libg_nano.a(lib_a-nano-vfprintf_i.o)
                0x0000000061004a14                . = ALIGN (0x4)
                0x0000000061004a14                __rt_init_start = .
 *(SORT_BY_NAME(.rti_fn*))
                0x0000000061004a14                __rt_init_end = .
                0x0000000061004a14                . = ALIGN (0x4)
                0x0000000061004a14                __fsymtab_start = .
 *(FSymTab)
                0x0000000061004a14                __fsymtab_end = .
                0x0000000061004a14                . = ALIGN (0x4)
                0x0000000061004a14                __vsymtab_start = .
 *(VSymTab)
                0x0000000061004a14                __vsymtab_end = .
 *(.gnu.linkonce.r.*)

.rela.dyn       0x0000000061004a18        0x0
 .rela.init     0x0000000061004a18        0x0 ../../../../../SoC/demosoc/Common/Source/GCC/intexc_demosoc.S.o
 .rela.sdata.curbrk.0
                0x0000000061004a18        0x0 ../../../../../SoC/demosoc/Common/Source/GCC/intexc_demosoc.S.o
 .rela.text._sbrk
                0x0000000061004a18        0x0 ../../../../../SoC/demosoc/Common/Source/GCC/intexc_demosoc.S.o
 .rela.text.__libc_fini_array
                0x0000000061004a18        0x0 ../../../../../SoC/demosoc/Common/Source/GCC/intexc_demosoc.S.o
 .rela.text.__libc_init_array
                0x0000000061004a18        0x0 ../../../../../SoC/demosoc/Common/Source/GCC/intexc_demosoc.S.o
 .rela.text.__register_exitproc
                0x0000000061004a18        0x0 ../../../../../SoC/demosoc/Common/Source/GCC/intexc_demosoc.S.o
 .rela.text._vfprintf_r
                0x0000000061004a18        0x0 ../../../../../SoC/demosoc/Common/Source/GCC/intexc_demosoc.S.o

.fini
 *(SORT_NONE(.fini))
                0x0000000061004a18                . = ALIGN (0x4)
                [!provide]                        PROVIDE (__etext = .)
                [!provide]                        PROVIDE (_etext = .)
                [!provide]                        PROVIDE (etext = .)
                0x0000000061004a14                PROVIDE (_eilm = .)

.preinit_array  0x0000000061004a14        0x0
                0x0000000061004a14                PROVIDE (__preinit_array_start = .)
 *(.preinit_array)
                0x0000000061004a14                PROVIDE (__preinit_array_end = .)

.init_array     0x0000000061004a14        0x0
                0x0000000061004a14                PROVIDE (__init_array_start = .)
 *(SORT_BY_INIT_PRIORITY(.init_array.*) SORT_BY_INIT_PRIORITY(.ctors.*))
 *(.init_array EXCLUDE_FILE(*crtend?.o *crtend.o *crtbegin?.o *crtbegin.o) .ctors)
                0x0000000061004a14                PROVIDE (__init_array_end = .)

.fini_array     0x0000000061004a14        0x0
                0x0000000061004a14                PROVIDE (__fini_array_start = .)
 *(SORT_BY_INIT_PRIORITY(.fini_array.*) SORT_BY_INIT_PRIORITY(.dtors.*))
 *(.fini_array EXCLUDE_FILE(*crtend?.o *crtend.o *crtbegin?.o *crtbegin.o) .dtors)
                0x0000000061004a14                PROVIDE (__fini_array_end = .)

.ctors
 *crtbegin.o(.ctors)
 *crtbegin?.o(.ctors)
 *(EXCLUDE_FILE(*crtend?.o *crtend.o) .ctors)
 *(SORT_BY_NAME(.ctors.*))
 *(.ctors)

.dtors
 *crtbegin.o(.dtors)
 *crtbegin?.o(.dtors)
 *(EXCLUDE_FILE(*crtend?.o *crtend.o) .dtors)
 *(SORT_BY_NAME(.dtors.*))
 *(.dtors)

.lalign         0x0000000061004a14        0x0
                0x0000000061004a14                . = ALIGN (0x4)
                0x0000000061004a14                PROVIDE (_data_lma = .)

.dalign         0x0000000061010000        0x0 load address 0x0000000061004a14
                0x0000000061010000                . = ALIGN (0x4)
                0x0000000061010000                PROVIDE (_data = .)

.data           0x0000000061010000       0xd0 load address 0x0000000061004a14
 *(.data .data.*)
 .data.impure_data
                0x0000000061010000       0xb0 d:/kffang/backup_sofware/anlogicstudio0303/toolchain/fpsoc/gcc/bin/../lib/gcc/riscv-nuclei-elf/10.2.0/../../../../riscv-nuclei-elf/lib/rv64imafdc/lp64d\libg_nano.a(lib_a-impure.o)
 *(.gnu.linkonce.d.*)
                0x00000000610100b0                . = ALIGN (0x8)
                0x00000000610108b0                PROVIDE (__global_pointer$ = (. + 0x800))
 *(.sdata .sdata.* .sdata*)
 .sdata.curbrk.0
                0x00000000610100b0        0x8 ../../../../../SoC/demosoc/Common/Source/Stubs/sbrk.c.o
 .sdata.SystemCoreClock
                0x00000000610100b8        0x4 ../../../../../SoC/demosoc/Common/Source/system_demosoc.c.o
                0x00000000610100b8                SystemCoreClock
 *fill*         0x00000000610100bc        0x4 
 .sdata._impure_ptr
                0x00000000610100c0        0x8 d:/kffang/backup_sofware/anlogicstudio0303/toolchain/fpsoc/gcc/bin/../lib/gcc/riscv-nuclei-elf/10.2.0/../../../../riscv-nuclei-elf/lib/rv64imafdc/lp64d\libg_nano.a(lib_a-impure.o)
                0x00000000610100c0                _impure_ptr
 *(.gnu.linkonce.s.*)
                0x00000000610100c8                . = ALIGN (0x8)
 *(.srodata.cst16)
 *(.srodata.cst8)
 *(.srodata.cst4)
 *(.srodata.cst2)
 *(.srodata .srodata.*)
 .srodata._global_impure_ptr
                0x00000000610100c8        0x8 d:/kffang/backup_sofware/anlogicstudio0303/toolchain/fpsoc/gcc/bin/../lib/gcc/riscv-nuclei-elf/10.2.0/../../../../riscv-nuclei-elf/lib/rv64imafdc/lp64d\libg_nano.a(lib_a-impure.o)
                0x00000000610100c8                _global_impure_ptr
                0x00000000610100d0                . = ALIGN (0x4)
                0x00000000610100d0                PROVIDE (_edata = .)
                [!provide]                        PROVIDE (edata = .)
                [!provide]                        PROVIDE (_fbss = .)
                0x00000000610100d0                PROVIDE (__bss_start = .)

.bss            0x00000000610100d0      0x1a0
 *(.sbss*)
 .sbss.errno    0x00000000610100d0        0x4 d:/kffang/backup_sofware/anlogicstudio0303/toolchain/fpsoc/gcc/bin/../lib/gcc/riscv-nuclei-elf/10.2.0/../../../../riscv-nuclei-elf/lib/rv64imafdc/lp64d\libg_nano.a(lib_a-reent.o)
                0x00000000610100d0                errno
 *fill*         0x00000000610100d4        0x4 
 .sbss._global_atexit
                0x00000000610100d8        0x8 d:/kffang/backup_sofware/anlogicstudio0303/toolchain/fpsoc/gcc/bin/../lib/gcc/riscv-nuclei-elf/10.2.0/../../../../riscv-nuclei-elf/lib/rv64imafdc/lp64d\libg_nano.a(lib_a-__call_atexit.o)
                0x00000000610100d8                _global_atexit
 .sbss.__malloc_free_list
                0x00000000610100e0        0x8 d:/kffang/backup_sofware/anlogicstudio0303/toolchain/fpsoc/gcc/bin/../lib/gcc/riscv-nuclei-elf/10.2.0/../../../../riscv-nuclei-elf/lib/rv64imafdc/lp64d\libg_nano.a(lib_a-nano-mallocr.o)
                0x00000000610100e0                __malloc_free_list
 .sbss.__malloc_sbrk_start
                0x00000000610100e8        0x8 d:/kffang/backup_sofware/anlogicstudio0303/toolchain/fpsoc/gcc/bin/../lib/gcc/riscv-nuclei-elf/10.2.0/../../../../riscv-nuclei-elf/lib/rv64imafdc/lp64d\libg_nano.a(lib_a-nano-mallocr.o)
                0x00000000610100e8                __malloc_sbrk_start
 *(.gnu.linkonce.sb.*)
 *(.bss .bss.*)
 .bss.SystemExceptionHandlers
                0x00000000610100f0       0x68 ../../../../../SoC/demosoc/Common/Source/system_demosoc.c.o
 .bss._global_atexit0
                0x0000000061010158      0x118 d:/kffang/backup_sofware/anlogicstudio0303/toolchain/fpsoc/gcc/bin/../lib/gcc/riscv-nuclei-elf/10.2.0/../../../../riscv-nuclei-elf/lib/rv64imafdc/lp64d\libg_nano.a(lib_a-__atexit.o)
 *(.gnu.linkonce.b.*)
 *(COMMON)
                0x0000000061010270                . = ALIGN (0x4)
                0x0000000061010270                . = ALIGN (0x8)
                0x0000000061010270                PROVIDE (_end = .)
                [!provide]                        PROVIDE (end = .)

.stack          0x000000006101f800      0x800 load address 0x0000000061010270
                0x000000006101f800                PROVIDE (_heap_end = .)
                0x0000000000000800                . = __stack_size
 *fill*         0x000000006101f800      0x800 
                0x0000000061020000                PROVIDE (_sp = .)
OUTPUT(AL9000_dmac.elf elf64-littleriscv)

.riscv.attributes
                0x0000000000000000       0x39
 .riscv.attributes
                0x0000000000000000       0x37 ../../../../../SoC/demosoc/Common/Source/GCC/intexc_demosoc.S.o
 .riscv.attributes
                0x0000000000000037       0x37 ../../../../../SoC/demosoc/Common/Source/GCC/startup_demosoc.S.o
 .riscv.attributes
                0x000000000000006e       0x35 ../../../../../SoC/demosoc/Common/Source/Drivers/al9000_dma.c.o
 .riscv.attributes
                0x00000000000000a3       0x35 ../../../../../SoC/demosoc/Common/Source/Drivers/al9000_qspi.c.o
 .riscv.attributes
                0x00000000000000d8       0x35 ../../../../../SoC/demosoc/Common/Source/Drivers/al9000_uart.c.o
 .riscv.attributes
                0x000000000000010d       0x35 ../../../../../SoC/demosoc/Common/Source/Stubs/close.c.o
 .riscv.attributes
                0x0000000000000142       0x35 ../../../../../SoC/demosoc/Common/Source/Stubs/fstat.c.o
 .riscv.attributes
                0x0000000000000177       0x35 ../../../../../SoC/demosoc/Common/Source/Stubs/isatty.c.o
 .riscv.attributes
                0x00000000000001ac       0x35 ../../../../../SoC/demosoc/Common/Source/Stubs/lseek.c.o
 .riscv.attributes
                0x00000000000001e1       0x35 ../../../../../SoC/demosoc/Common/Source/Stubs/read.c.o
 .riscv.attributes
                0x0000000000000216       0x35 ../../../../../SoC/demosoc/Common/Source/Stubs/sbrk.c.o
 .riscv.attributes
                0x000000000000024b       0x35 ../../../../../SoC/demosoc/Common/Source/Stubs/write.c.o
 .riscv.attributes
                0x0000000000000280       0x39 ../../../../../SoC/demosoc/Common/Source/system_demosoc.c.o
 .riscv.attributes
                0x00000000000002b9       0x35 ./main.c.o
 .riscv.attributes
                0x00000000000002ee       0x35 d:/kffang/backup_sofware/anlogicstudio0303/toolchain/fpsoc/gcc/bin/../lib/gcc/riscv-nuclei-elf/10.2.0/../../../../riscv-nuclei-elf/lib/rv64imafdc/lp64d\libg_nano.a(lib_a-atexit.o)
 .riscv.attributes
                0x0000000000000323       0x35 d:/kffang/backup_sofware/anlogicstudio0303/toolchain/fpsoc/gcc/bin/../lib/gcc/riscv-nuclei-elf/10.2.0/../../../../riscv-nuclei-elf/lib/rv64imafdc/lp64d\libg_nano.a(lib_a-fini.o)
 .riscv.attributes
                0x0000000000000358       0x35 d:/kffang/backup_sofware/anlogicstudio0303/toolchain/fpsoc/gcc/bin/../lib/gcc/riscv-nuclei-elf/10.2.0/../../../../riscv-nuclei-elf/lib/rv64imafdc/lp64d\libg_nano.a(lib_a-impure.o)
 .riscv.attributes
                0x000000000000038d       0x35 d:/kffang/backup_sofware/anlogicstudio0303/toolchain/fpsoc/gcc/bin/../lib/gcc/riscv-nuclei-elf/10.2.0/../../../../riscv-nuclei-elf/lib/rv64imafdc/lp64d\libg_nano.a(lib_a-init.o)
 .riscv.attributes
                0x00000000000003c2       0x33 d:/kffang/backup_sofware/anlogicstudio0303/toolchain/fpsoc/gcc/bin/../lib/gcc/riscv-nuclei-elf/10.2.0/../../../../riscv-nuclei-elf/lib/rv64imafdc/lp64d\libg_nano.a(lib_a-memset.o)
 .riscv.attributes
                0x00000000000003f5       0x35 d:/kffang/backup_sofware/anlogicstudio0303/toolchain/fpsoc/gcc/bin/../lib/gcc/riscv-nuclei-elf/10.2.0/../../../../riscv-nuclei-elf/lib/rv64imafdc/lp64d\libg_nano.a(lib_a-printf.o)
 .riscv.attributes
                0x000000000000042a       0x35 d:/kffang/backup_sofware/anlogicstudio0303/toolchain/fpsoc/gcc/bin/../lib/gcc/riscv-nuclei-elf/10.2.0/../../../../riscv-nuclei-elf/lib/rv64imafdc/lp64d\libg_nano.a(lib_a-puts.o)
 .riscv.attributes
                0x000000000000045f       0x35 d:/kffang/backup_sofware/anlogicstudio0303/toolchain/fpsoc/gcc/bin/../lib/gcc/riscv-nuclei-elf/10.2.0/../../../../riscv-nuclei-elf/lib/rv64imafdc/lp64d\libg_nano.a(lib_a-reent.o)
 .riscv.attributes
                0x0000000000000494       0x35 d:/kffang/backup_sofware/anlogicstudio0303/toolchain/fpsoc/gcc/bin/../lib/gcc/riscv-nuclei-elf/10.2.0/../../../../riscv-nuclei-elf/lib/rv64imafdc/lp64d\libg_nano.a(lib_a-setvbuf.o)
 .riscv.attributes
                0x00000000000004c9       0x35 d:/kffang/backup_sofware/anlogicstudio0303/toolchain/fpsoc/gcc/bin/../lib/gcc/riscv-nuclei-elf/10.2.0/../../../../riscv-nuclei-elf/lib/rv64imafdc/lp64d\libg_nano.a(lib_a-sysisatty.o)
 .riscv.attributes
                0x00000000000004fe       0x35 d:/kffang/backup_sofware/anlogicstudio0303/toolchain/fpsoc/gcc/bin/../lib/gcc/riscv-nuclei-elf/10.2.0/../../../../riscv-nuclei-elf/lib/rv64imafdc/lp64d\libg_nano.a(lib_a-wbuf.o)
 .riscv.attributes
                0x0000000000000533       0x35 d:/kffang/backup_sofware/anlogicstudio0303/toolchain/fpsoc/gcc/bin/../lib/gcc/riscv-nuclei-elf/10.2.0/../../../../riscv-nuclei-elf/lib/rv64imafdc/lp64d\libg_nano.a(lib_a-wsetup.o)
 .riscv.attributes
                0x0000000000000568       0x35 d:/kffang/backup_sofware/anlogicstudio0303/toolchain/fpsoc/gcc/bin/../lib/gcc/riscv-nuclei-elf/10.2.0/../../../../riscv-nuclei-elf/lib/rv64imafdc/lp64d\libg_nano.a(lib_a-__atexit.o)
 .riscv.attributes
                0x000000000000059d       0x35 d:/kffang/backup_sofware/anlogicstudio0303/toolchain/fpsoc/gcc/bin/../lib/gcc/riscv-nuclei-elf/10.2.0/../../../../riscv-nuclei-elf/lib/rv64imafdc/lp64d\libg_nano.a(lib_a-__call_atexit.o)
 .riscv.attributes
                0x00000000000005d2       0x35 d:/kffang/backup_sofware/anlogicstudio0303/toolchain/fpsoc/gcc/bin/../lib/gcc/riscv-nuclei-elf/10.2.0/../../../../riscv-nuclei-elf/lib/rv64imafdc/lp64d\libg_nano.a(lib_a-fflush.o)
 .riscv.attributes
                0x0000000000000607       0x35 d:/kffang/backup_sofware/anlogicstudio0303/toolchain/fpsoc/gcc/bin/../lib/gcc/riscv-nuclei-elf/10.2.0/../../../../riscv-nuclei-elf/lib/rv64imafdc/lp64d\libg_nano.a(lib_a-findfp.o)
 .riscv.attributes
                0x000000000000063c       0x35 d:/kffang/backup_sofware/anlogicstudio0303/toolchain/fpsoc/gcc/bin/../lib/gcc/riscv-nuclei-elf/10.2.0/../../../../riscv-nuclei-elf/lib/rv64imafdc/lp64d\libg_nano.a(lib_a-fwalk.o)
 .riscv.attributes
                0x0000000000000671       0x35 d:/kffang/backup_sofware/anlogicstudio0303/toolchain/fpsoc/gcc/bin/../lib/gcc/riscv-nuclei-elf/10.2.0/../../../../riscv-nuclei-elf/lib/rv64imafdc/lp64d\libg_nano.a(lib_a-makebuf.o)
 .riscv.attributes
                0x00000000000006a6       0x35 d:/kffang/backup_sofware/anlogicstudio0303/toolchain/fpsoc/gcc/bin/../lib/gcc/riscv-nuclei-elf/10.2.0/../../../../riscv-nuclei-elf/lib/rv64imafdc/lp64d\libg_nano.a(lib_a-malloc.o)
 .riscv.attributes
                0x00000000000006db       0x35 d:/kffang/backup_sofware/anlogicstudio0303/toolchain/fpsoc/gcc/bin/../lib/gcc/riscv-nuclei-elf/10.2.0/../../../../riscv-nuclei-elf/lib/rv64imafdc/lp64d\libg_nano.a(lib_a-nano-freer.o)
 .riscv.attributes
                0x0000000000000710       0x35 d:/kffang/backup_sofware/anlogicstudio0303/toolchain/fpsoc/gcc/bin/../lib/gcc/riscv-nuclei-elf/10.2.0/../../../../riscv-nuclei-elf/lib/rv64imafdc/lp64d\libg_nano.a(lib_a-nano-mallocr.o)
 .riscv.attributes
                0x0000000000000745       0x35 d:/kffang/backup_sofware/anlogicstudio0303/toolchain/fpsoc/gcc/bin/../lib/gcc/riscv-nuclei-elf/10.2.0/../../../../riscv-nuclei-elf/lib/rv64imafdc/lp64d\libg_nano.a(lib_a-nano-vfprintf.o)
 .riscv.attributes
                0x000000000000077a       0x35 d:/kffang/backup_sofware/anlogicstudio0303/toolchain/fpsoc/gcc/bin/../lib/gcc/riscv-nuclei-elf/10.2.0/../../../../riscv-nuclei-elf/lib/rv64imafdc/lp64d\libg_nano.a(lib_a-nano-vfprintf_i.o)
 .riscv.attributes
                0x00000000000007af       0x35 d:/kffang/backup_sofware/anlogicstudio0303/toolchain/fpsoc/gcc/bin/../lib/gcc/riscv-nuclei-elf/10.2.0/../../../../riscv-nuclei-elf/lib/rv64imafdc/lp64d\libg_nano.a(lib_a-sbrkr.o)
 .riscv.attributes
                0x00000000000007e4       0x35 d:/kffang/backup_sofware/anlogicstudio0303/toolchain/fpsoc/gcc/bin/../lib/gcc/riscv-nuclei-elf/10.2.0/../../../../riscv-nuclei-elf/lib/rv64imafdc/lp64d\libg_nano.a(lib_a-stdio.o)
 .riscv.attributes
                0x0000000000000819       0x35 d:/kffang/backup_sofware/anlogicstudio0303/toolchain/fpsoc/gcc/bin/../lib/gcc/riscv-nuclei-elf/10.2.0/../../../../riscv-nuclei-elf/lib/rv64imafdc/lp64d\libg_nano.a(lib_a-writer.o)
 .riscv.attributes
                0x000000000000084e       0x35 d:/kffang/backup_sofware/anlogicstudio0303/toolchain/fpsoc/gcc/bin/../lib/gcc/riscv-nuclei-elf/10.2.0/../../../../riscv-nuclei-elf/lib/rv64imafdc/lp64d\libg_nano.a(lib_a-closer.o)
 .riscv.attributes
                0x0000000000000883       0x35 d:/kffang/backup_sofware/anlogicstudio0303/toolchain/fpsoc/gcc/bin/../lib/gcc/riscv-nuclei-elf/10.2.0/../../../../riscv-nuclei-elf/lib/rv64imafdc/lp64d\libg_nano.a(lib_a-fstatr.o)
 .riscv.attributes
                0x00000000000008b8       0x35 d:/kffang/backup_sofware/anlogicstudio0303/toolchain/fpsoc/gcc/bin/../lib/gcc/riscv-nuclei-elf/10.2.0/../../../../riscv-nuclei-elf/lib/rv64imafdc/lp64d\libg_nano.a(lib_a-isattyr.o)
 .riscv.attributes
                0x00000000000008ed       0x35 d:/kffang/backup_sofware/anlogicstudio0303/toolchain/fpsoc/gcc/bin/../lib/gcc/riscv-nuclei-elf/10.2.0/../../../../riscv-nuclei-elf/lib/rv64imafdc/lp64d\libg_nano.a(lib_a-lseekr.o)
 .riscv.attributes
                0x0000000000000922       0x35 d:/kffang/backup_sofware/anlogicstudio0303/toolchain/fpsoc/gcc/bin/../lib/gcc/riscv-nuclei-elf/10.2.0/../../../../riscv-nuclei-elf/lib/rv64imafdc/lp64d\libg_nano.a(lib_a-memchr.o)
 .riscv.attributes
                0x0000000000000957       0x35 d:/kffang/backup_sofware/anlogicstudio0303/toolchain/fpsoc/gcc/bin/../lib/gcc/riscv-nuclei-elf/10.2.0/../../../../riscv-nuclei-elf/lib/rv64imafdc/lp64d\libg_nano.a(lib_a-mlock.o)
 .riscv.attributes
                0x000000000000098c       0x35 d:/kffang/backup_sofware/anlogicstudio0303/toolchain/fpsoc/gcc/bin/../lib/gcc/riscv-nuclei-elf/10.2.0/../../../../riscv-nuclei-elf/lib/rv64imafdc/lp64d\libg_nano.a(lib_a-readr.o)

.comment        0x0000000000000000       0x12
 .comment       0x0000000000000000       0x12 ../../../../../SoC/demosoc/Common/Source/Drivers/al9000_dma.c.o
                                         0x13 (size before relaxing)
 .comment       0x0000000000000012       0x13 ../../../../../SoC/demosoc/Common/Source/Drivers/al9000_qspi.c.o
 .comment       0x0000000000000012       0x13 ../../../../../SoC/demosoc/Common/Source/Drivers/al9000_uart.c.o
 .comment       0x0000000000000012       0x13 ../../../../../SoC/demosoc/Common/Source/Stubs/close.c.o
 .comment       0x0000000000000012       0x13 ../../../../../SoC/demosoc/Common/Source/Stubs/fstat.c.o
 .comment       0x0000000000000012       0x13 ../../../../../SoC/demosoc/Common/Source/Stubs/isatty.c.o
 .comment       0x0000000000000012       0x13 ../../../../../SoC/demosoc/Common/Source/Stubs/lseek.c.o
 .comment       0x0000000000000012       0x13 ../../../../../SoC/demosoc/Common/Source/Stubs/read.c.o
 .comment       0x0000000000000012       0x13 ../../../../../SoC/demosoc/Common/Source/Stubs/sbrk.c.o
 .comment       0x0000000000000012       0x13 ../../../../../SoC/demosoc/Common/Source/Stubs/write.c.o
 .comment       0x0000000000000012       0x13 ../../../../../SoC/demosoc/Common/Source/system_demosoc.c.o
 .comment       0x0000000000000012       0x13 ./main.c.o
 .comment       0x0000000000000012       0x13 d:/kffang/backup_sofware/anlogicstudio0303/toolchain/fpsoc/gcc/bin/../lib/gcc/riscv-nuclei-elf/10.2.0/../../../../riscv-nuclei-elf/lib/rv64imafdc/lp64d\libg_nano.a(lib_a-atexit.o)
 .comment       0x0000000000000012       0x13 d:/kffang/backup_sofware/anlogicstudio0303/toolchain/fpsoc/gcc/bin/../lib/gcc/riscv-nuclei-elf/10.2.0/../../../../riscv-nuclei-elf/lib/rv64imafdc/lp64d\libg_nano.a(lib_a-fini.o)
 .comment       0x0000000000000012       0x13 d:/kffang/backup_sofware/anlogicstudio0303/toolchain/fpsoc/gcc/bin/../lib/gcc/riscv-nuclei-elf/10.2.0/../../../../riscv-nuclei-elf/lib/rv64imafdc/lp64d\libg_nano.a(lib_a-impure.o)
 .comment       0x0000000000000012       0x13 d:/kffang/backup_sofware/anlogicstudio0303/toolchain/fpsoc/gcc/bin/../lib/gcc/riscv-nuclei-elf/10.2.0/../../../../riscv-nuclei-elf/lib/rv64imafdc/lp64d\libg_nano.a(lib_a-init.o)
 .comment       0x0000000000000012       0x13 d:/kffang/backup_sofware/anlogicstudio0303/toolchain/fpsoc/gcc/bin/../lib/gcc/riscv-nuclei-elf/10.2.0/../../../../riscv-nuclei-elf/lib/rv64imafdc/lp64d\libg_nano.a(lib_a-printf.o)
 .comment       0x0000000000000012       0x13 d:/kffang/backup_sofware/anlogicstudio0303/toolchain/fpsoc/gcc/bin/../lib/gcc/riscv-nuclei-elf/10.2.0/../../../../riscv-nuclei-elf/lib/rv64imafdc/lp64d\libg_nano.a(lib_a-puts.o)
 .comment       0x0000000000000012       0x13 d:/kffang/backup_sofware/anlogicstudio0303/toolchain/fpsoc/gcc/bin/../lib/gcc/riscv-nuclei-elf/10.2.0/../../../../riscv-nuclei-elf/lib/rv64imafdc/lp64d\libg_nano.a(lib_a-reent.o)
 .comment       0x0000000000000012       0x13 d:/kffang/backup_sofware/anlogicstudio0303/toolchain/fpsoc/gcc/bin/../lib/gcc/riscv-nuclei-elf/10.2.0/../../../../riscv-nuclei-elf/lib/rv64imafdc/lp64d\libg_nano.a(lib_a-setvbuf.o)
 .comment       0x0000000000000012       0x13 d:/kffang/backup_sofware/anlogicstudio0303/toolchain/fpsoc/gcc/bin/../lib/gcc/riscv-nuclei-elf/10.2.0/../../../../riscv-nuclei-elf/lib/rv64imafdc/lp64d\libg_nano.a(lib_a-sysisatty.o)
 .comment       0x0000000000000012       0x13 d:/kffang/backup_sofware/anlogicstudio0303/toolchain/fpsoc/gcc/bin/../lib/gcc/riscv-nuclei-elf/10.2.0/../../../../riscv-nuclei-elf/lib/rv64imafdc/lp64d\libg_nano.a(lib_a-wbuf.o)
 .comment       0x0000000000000012       0x13 d:/kffang/backup_sofware/anlogicstudio0303/toolchain/fpsoc/gcc/bin/../lib/gcc/riscv-nuclei-elf/10.2.0/../../../../riscv-nuclei-elf/lib/rv64imafdc/lp64d\libg_nano.a(lib_a-wsetup.o)
 .comment       0x0000000000000012       0x13 d:/kffang/backup_sofware/anlogicstudio0303/toolchain/fpsoc/gcc/bin/../lib/gcc/riscv-nuclei-elf/10.2.0/../../../../riscv-nuclei-elf/lib/rv64imafdc/lp64d\libg_nano.a(lib_a-__atexit.o)
 .comment       0x0000000000000012       0x13 d:/kffang/backup_sofware/anlogicstudio0303/toolchain/fpsoc/gcc/bin/../lib/gcc/riscv-nuclei-elf/10.2.0/../../../../riscv-nuclei-elf/lib/rv64imafdc/lp64d\libg_nano.a(lib_a-__call_atexit.o)
 .comment       0x0000000000000012       0x13 d:/kffang/backup_sofware/anlogicstudio0303/toolchain/fpsoc/gcc/bin/../lib/gcc/riscv-nuclei-elf/10.2.0/../../../../riscv-nuclei-elf/lib/rv64imafdc/lp64d\libg_nano.a(lib_a-fflush.o)
 .comment       0x0000000000000012       0x13 d:/kffang/backup_sofware/anlogicstudio0303/toolchain/fpsoc/gcc/bin/../lib/gcc/riscv-nuclei-elf/10.2.0/../../../../riscv-nuclei-elf/lib/rv64imafdc/lp64d\libg_nano.a(lib_a-findfp.o)
 .comment       0x0000000000000012       0x13 d:/kffang/backup_sofware/anlogicstudio0303/toolchain/fpsoc/gcc/bin/../lib/gcc/riscv-nuclei-elf/10.2.0/../../../../riscv-nuclei-elf/lib/rv64imafdc/lp64d\libg_nano.a(lib_a-fwalk.o)
 .comment       0x0000000000000012       0x13 d:/kffang/backup_sofware/anlogicstudio0303/toolchain/fpsoc/gcc/bin/../lib/gcc/riscv-nuclei-elf/10.2.0/../../../../riscv-nuclei-elf/lib/rv64imafdc/lp64d\libg_nano.a(lib_a-makebuf.o)
 .comment       0x0000000000000012       0x13 d:/kffang/backup_sofware/anlogicstudio0303/toolchain/fpsoc/gcc/bin/../lib/gcc/riscv-nuclei-elf/10.2.0/../../../../riscv-nuclei-elf/lib/rv64imafdc/lp64d\libg_nano.a(lib_a-malloc.o)
 .comment       0x0000000000000012       0x13 d:/kffang/backup_sofware/anlogicstudio0303/toolchain/fpsoc/gcc/bin/../lib/gcc/riscv-nuclei-elf/10.2.0/../../../../riscv-nuclei-elf/lib/rv64imafdc/lp64d\libg_nano.a(lib_a-nano-freer.o)
 .comment       0x0000000000000012       0x13 d:/kffang/backup_sofware/anlogicstudio0303/toolchain/fpsoc/gcc/bin/../lib/gcc/riscv-nuclei-elf/10.2.0/../../../../riscv-nuclei-elf/lib/rv64imafdc/lp64d\libg_nano.a(lib_a-nano-mallocr.o)
 .comment       0x0000000000000012       0x13 d:/kffang/backup_sofware/anlogicstudio0303/toolchain/fpsoc/gcc/bin/../lib/gcc/riscv-nuclei-elf/10.2.0/../../../../riscv-nuclei-elf/lib/rv64imafdc/lp64d\libg_nano.a(lib_a-nano-vfprintf.o)
 .comment       0x0000000000000012       0x13 d:/kffang/backup_sofware/anlogicstudio0303/toolchain/fpsoc/gcc/bin/../lib/gcc/riscv-nuclei-elf/10.2.0/../../../../riscv-nuclei-elf/lib/rv64imafdc/lp64d\libg_nano.a(lib_a-nano-vfprintf_i.o)
 .comment       0x0000000000000012       0x13 d:/kffang/backup_sofware/anlogicstudio0303/toolchain/fpsoc/gcc/bin/../lib/gcc/riscv-nuclei-elf/10.2.0/../../../../riscv-nuclei-elf/lib/rv64imafdc/lp64d\libg_nano.a(lib_a-sbrkr.o)
 .comment       0x0000000000000012       0x13 d:/kffang/backup_sofware/anlogicstudio0303/toolchain/fpsoc/gcc/bin/../lib/gcc/riscv-nuclei-elf/10.2.0/../../../../riscv-nuclei-elf/lib/rv64imafdc/lp64d\libg_nano.a(lib_a-stdio.o)
 .comment       0x0000000000000012       0x13 d:/kffang/backup_sofware/anlogicstudio0303/toolchain/fpsoc/gcc/bin/../lib/gcc/riscv-nuclei-elf/10.2.0/../../../../riscv-nuclei-elf/lib/rv64imafdc/lp64d\libg_nano.a(lib_a-writer.o)
 .comment       0x0000000000000012       0x13 d:/kffang/backup_sofware/anlogicstudio0303/toolchain/fpsoc/gcc/bin/../lib/gcc/riscv-nuclei-elf/10.2.0/../../../../riscv-nuclei-elf/lib/rv64imafdc/lp64d\libg_nano.a(lib_a-closer.o)
 .comment       0x0000000000000012       0x13 d:/kffang/backup_sofware/anlogicstudio0303/toolchain/fpsoc/gcc/bin/../lib/gcc/riscv-nuclei-elf/10.2.0/../../../../riscv-nuclei-elf/lib/rv64imafdc/lp64d\libg_nano.a(lib_a-fstatr.o)
 .comment       0x0000000000000012       0x13 d:/kffang/backup_sofware/anlogicstudio0303/toolchain/fpsoc/gcc/bin/../lib/gcc/riscv-nuclei-elf/10.2.0/../../../../riscv-nuclei-elf/lib/rv64imafdc/lp64d\libg_nano.a(lib_a-isattyr.o)
 .comment       0x0000000000000012       0x13 d:/kffang/backup_sofware/anlogicstudio0303/toolchain/fpsoc/gcc/bin/../lib/gcc/riscv-nuclei-elf/10.2.0/../../../../riscv-nuclei-elf/lib/rv64imafdc/lp64d\libg_nano.a(lib_a-lseekr.o)
 .comment       0x0000000000000012       0x13 d:/kffang/backup_sofware/anlogicstudio0303/toolchain/fpsoc/gcc/bin/../lib/gcc/riscv-nuclei-elf/10.2.0/../../../../riscv-nuclei-elf/lib/rv64imafdc/lp64d\libg_nano.a(lib_a-memchr.o)
 .comment       0x0000000000000012       0x13 d:/kffang/backup_sofware/anlogicstudio0303/toolchain/fpsoc/gcc/bin/../lib/gcc/riscv-nuclei-elf/10.2.0/../../../../riscv-nuclei-elf/lib/rv64imafdc/lp64d\libg_nano.a(lib_a-mlock.o)
 .comment       0x0000000000000012       0x13 d:/kffang/backup_sofware/anlogicstudio0303/toolchain/fpsoc/gcc/bin/../lib/gcc/riscv-nuclei-elf/10.2.0/../../../../riscv-nuclei-elf/lib/rv64imafdc/lp64d\libg_nano.a(lib_a-readr.o)

.debug_line     0x0000000000000000     0x5e13
 .debug_line    0x0000000000000000       0xdc ../../../../../SoC/demosoc/Common/Source/GCC/intexc_demosoc.S.o
 .debug_line    0x00000000000000dc      0x1b2 ../../../../../SoC/demosoc/Common/Source/GCC/startup_demosoc.S.o
 .debug_line    0x000000000000028e     0x2b50 ../../../../../SoC/demosoc/Common/Source/Drivers/al9000_dma.c.o
 .debug_line    0x0000000000002dde      0x956 ../../../../../SoC/demosoc/Common/Source/Drivers/al9000_qspi.c.o
 .debug_line    0x0000000000003734      0xbbc ../../../../../SoC/demosoc/Common/Source/Drivers/al9000_uart.c.o
 .debug_line    0x00000000000042f0       0x83 ../../../../../SoC/demosoc/Common/Source/Stubs/close.c.o
 .debug_line    0x0000000000004373      0x1b7 ../../../../../SoC/demosoc/Common/Source/Stubs/fstat.c.o
 .debug_line    0x000000000000452a       0x7c ../../../../../SoC/demosoc/Common/Source/Stubs/isatty.c.o
 .debug_line    0x00000000000045a6       0x7b ../../../../../SoC/demosoc/Common/Source/Stubs/lseek.c.o
 .debug_line    0x0000000000004621      0x242 ../../../../../SoC/demosoc/Common/Source/Stubs/read.c.o
 .debug_line    0x0000000000004863      0x12d ../../../../../SoC/demosoc/Common/Source/Stubs/sbrk.c.o
 .debug_line    0x0000000000004990      0x291 ../../../../../SoC/demosoc/Common/Source/Stubs/write.c.o
 .debug_line    0x0000000000004c21      0x8bb ../../../../../SoC/demosoc/Common/Source/system_demosoc.c.o
 .debug_line    0x00000000000054dc      0x937 ./main.c.o

.debug_info     0x0000000000000000     0x89f3
 .debug_info    0x0000000000000000       0x22 ../../../../../SoC/demosoc/Common/Source/GCC/intexc_demosoc.S.o
 .debug_info    0x0000000000000022       0x2e ../../../../../SoC/demosoc/Common/Source/GCC/startup_demosoc.S.o
 .debug_info    0x0000000000000050     0x3932 ../../../../../SoC/demosoc/Common/Source/Drivers/al9000_dma.c.o
 .debug_info    0x0000000000003982      0xced ../../../../../SoC/demosoc/Common/Source/Drivers/al9000_qspi.c.o
 .debug_info    0x000000000000466f     0x1794 ../../../../../SoC/demosoc/Common/Source/Drivers/al9000_uart.c.o
 .debug_info    0x0000000000005e03       0xb7 ../../../../../SoC/demosoc/Common/Source/Stubs/close.c.o
 .debug_info    0x0000000000005eba      0x2c8 ../../../../../SoC/demosoc/Common/Source/Stubs/fstat.c.o
 .debug_info    0x0000000000006182       0xab ../../../../../SoC/demosoc/Common/Source/Stubs/isatty.c.o
 .debug_info    0x000000000000622d       0xca ../../../../../SoC/demosoc/Common/Source/Stubs/lseek.c.o
 .debug_info    0x00000000000062f7      0x289 ../../../../../SoC/demosoc/Common/Source/Stubs/read.c.o
 .debug_info    0x0000000000006580       0xf9 ../../../../../SoC/demosoc/Common/Source/Stubs/sbrk.c.o
 .debug_info    0x0000000000006679      0x2b2 ../../../../../SoC/demosoc/Common/Source/Stubs/write.c.o
 .debug_info    0x000000000000692b      0xf7c ../../../../../SoC/demosoc/Common/Source/system_demosoc.c.o
 .debug_info    0x00000000000078a7     0x114c ./main.c.o

.debug_abbrev   0x0000000000000000     0x12a3
 .debug_abbrev  0x0000000000000000       0x12 ../../../../../SoC/demosoc/Common/Source/GCC/intexc_demosoc.S.o
 .debug_abbrev  0x0000000000000012       0x14 ../../../../../SoC/demosoc/Common/Source/GCC/startup_demosoc.S.o
 .debug_abbrev  0x0000000000000026      0x32d ../../../../../SoC/demosoc/Common/Source/Drivers/al9000_dma.c.o
 .debug_abbrev  0x0000000000000353      0x190 ../../../../../SoC/demosoc/Common/Source/Drivers/al9000_qspi.c.o
 .debug_abbrev  0x00000000000004e3      0x387 ../../../../../SoC/demosoc/Common/Source/Drivers/al9000_uart.c.o
 .debug_abbrev  0x000000000000086a       0x6a ../../../../../SoC/demosoc/Common/Source/Stubs/close.c.o
 .debug_abbrev  0x00000000000008d4       0xc9 ../../../../../SoC/demosoc/Common/Source/Stubs/fstat.c.o
 .debug_abbrev  0x000000000000099d       0x57 ../../../../../SoC/demosoc/Common/Source/Stubs/isatty.c.o
 .debug_abbrev  0x00000000000009f4       0x57 ../../../../../SoC/demosoc/Common/Source/Stubs/lseek.c.o
 .debug_abbrev  0x0000000000000a4b       0xe2 ../../../../../SoC/demosoc/Common/Source/Stubs/read.c.o
 .debug_abbrev  0x0000000000000b2d       0xa8 ../../../../../SoC/demosoc/Common/Source/Stubs/sbrk.c.o
 .debug_abbrev  0x0000000000000bd5      0x101 ../../../../../SoC/demosoc/Common/Source/Stubs/write.c.o
 .debug_abbrev  0x0000000000000cd6      0x402 ../../../../../SoC/demosoc/Common/Source/system_demosoc.c.o
 .debug_abbrev  0x00000000000010d8      0x1cb ./main.c.o

.debug_aranges  0x0000000000000000      0xac0
 .debug_aranges
                0x0000000000000000       0x40 ../../../../../SoC/demosoc/Common/Source/GCC/intexc_demosoc.S.o
 .debug_aranges
                0x0000000000000040       0x30 ../../../../../SoC/demosoc/Common/Source/GCC/startup_demosoc.S.o
 .debug_aranges
                0x0000000000000070      0x360 ../../../../../SoC/demosoc/Common/Source/Drivers/al9000_dma.c.o
 .debug_aranges
                0x00000000000003d0      0x240 ../../../../../SoC/demosoc/Common/Source/Drivers/al9000_qspi.c.o
 .debug_aranges
                0x0000000000000610      0x1d0 ../../../../../SoC/demosoc/Common/Source/Drivers/al9000_uart.c.o
 .debug_aranges
                0x00000000000007e0       0x30 ../../../../../SoC/demosoc/Common/Source/Stubs/close.c.o
 .debug_aranges
                0x0000000000000810       0x30 ../../../../../SoC/demosoc/Common/Source/Stubs/fstat.c.o
 .debug_aranges
                0x0000000000000840       0x30 ../../../../../SoC/demosoc/Common/Source/Stubs/isatty.c.o
 .debug_aranges
                0x0000000000000870       0x30 ../../../../../SoC/demosoc/Common/Source/Stubs/lseek.c.o
 .debug_aranges
                0x00000000000008a0       0x30 ../../../../../SoC/demosoc/Common/Source/Stubs/read.c.o
 .debug_aranges
                0x00000000000008d0       0x30 ../../../../../SoC/demosoc/Common/Source/Stubs/sbrk.c.o
 .debug_aranges
                0x0000000000000900       0x30 ../../../../../SoC/demosoc/Common/Source/Stubs/write.c.o
 .debug_aranges
                0x0000000000000930      0x100 ../../../../../SoC/demosoc/Common/Source/system_demosoc.c.o
 .debug_aranges
                0x0000000000000a30       0x90 ./main.c.o

.debug_str      0x0000000000000000     0x39d5
 .debug_str     0x0000000000000000       0xc0 ../../../../../SoC/demosoc/Common/Source/GCC/intexc_demosoc.S.o
 .debug_str     0x00000000000000c0       0x3f ../../../../../SoC/demosoc/Common/Source/GCC/startup_demosoc.S.o
                                         0xc1 (size before relaxing)
 .debug_str     0x00000000000000ff     0x1f94 ../../../../../SoC/demosoc/Common/Source/Drivers/al9000_dma.c.o
                                       0x213e (size before relaxing)
 .debug_str     0x0000000000002093      0x2c3 ../../../../../SoC/demosoc/Common/Source/Drivers/al9000_qspi.c.o
                                        0x6d4 (size before relaxing)
 .debug_str     0x0000000000002356      0x92c ../../../../../SoC/demosoc/Common/Source/Drivers/al9000_uart.c.o
                                        0xe02 (size before relaxing)
 .debug_str     0x0000000000002c82       0x37 ../../../../../SoC/demosoc/Common/Source/Stubs/close.c.o
                                        0x1dd (size before relaxing)
 .debug_str     0x0000000000002cb9      0x123 ../../../../../SoC/demosoc/Common/Source/Stubs/fstat.c.o
                                        0x31e (size before relaxing)
 .debug_str     0x0000000000002ddc       0x40 ../../../../../SoC/demosoc/Common/Source/Stubs/isatty.c.o
                                        0x1d9 (size before relaxing)
 .debug_str     0x0000000000002e1c       0x45 ../../../../../SoC/demosoc/Common/Source/Stubs/lseek.c.o
                                        0x1ea (size before relaxing)
 .debug_str     0x0000000000002e61       0x3e ../../../../../SoC/demosoc/Common/Source/Stubs/read.c.o
                                        0x269 (size before relaxing)
 .debug_str     0x0000000000002e9f       0x5c ../../../../../SoC/demosoc/Common/Source/Stubs/sbrk.c.o
                                        0x1fa (size before relaxing)
 .debug_str     0x0000000000002efb       0x40 ../../../../../SoC/demosoc/Common/Source/Stubs/write.c.o
                                        0x26c (size before relaxing)
 .debug_str     0x0000000000002f3b      0x9d4 ../../../../../SoC/demosoc/Common/Source/system_demosoc.c.o
                                        0xce6 (size before relaxing)
 .debug_str     0x000000000000390f       0xc6 ./main.c.o
                                        0xd55 (size before relaxing)

.debug_ranges   0x0000000000000000      0x9d0
 .debug_ranges  0x0000000000000000       0x40 ../../../../../SoC/demosoc/Common/Source/GCC/intexc_demosoc.S.o
 .debug_ranges  0x0000000000000040      0x350 ../../../../../SoC/demosoc/Common/Source/Drivers/al9000_dma.c.o
 .debug_ranges  0x0000000000000390      0x230 ../../../../../SoC/demosoc/Common/Source/Drivers/al9000_qspi.c.o
 .debug_ranges  0x00000000000005c0      0x1c0 ../../../../../SoC/demosoc/Common/Source/Drivers/al9000_uart.c.o
 .debug_ranges  0x0000000000000780       0x20 ../../../../../SoC/demosoc/Common/Source/Stubs/close.c.o
 .debug_ranges  0x00000000000007a0       0x20 ../../../../../SoC/demosoc/Common/Source/Stubs/fstat.c.o
 .debug_ranges  0x00000000000007c0       0x20 ../../../../../SoC/demosoc/Common/Source/Stubs/isatty.c.o
 .debug_ranges  0x00000000000007e0       0x20 ../../../../../SoC/demosoc/Common/Source/Stubs/lseek.c.o
 .debug_ranges  0x0000000000000800       0x20 ../../../../../SoC/demosoc/Common/Source/Stubs/read.c.o
 .debug_ranges  0x0000000000000820       0x20 ../../../../../SoC/demosoc/Common/Source/Stubs/sbrk.c.o
 .debug_ranges  0x0000000000000840       0x20 ../../../../../SoC/demosoc/Common/Source/Stubs/write.c.o
 .debug_ranges  0x0000000000000860       0xf0 ../../../../../SoC/demosoc/Common/Source/system_demosoc.c.o
 .debug_ranges  0x0000000000000950       0x80 ./main.c.o

.debug_frame    0x0000000000000000     0x1b50
 .debug_frame   0x0000000000000000      0x9e8 ../../../../../SoC/demosoc/Common/Source/Drivers/al9000_dma.c.o
 .debug_frame   0x00000000000009e8      0x670 ../../../../../SoC/demosoc/Common/Source/Drivers/al9000_qspi.c.o
 .debug_frame   0x0000000000001058      0x520 ../../../../../SoC/demosoc/Common/Source/Drivers/al9000_uart.c.o
 .debug_frame   0x0000000000001578       0x40 ../../../../../SoC/demosoc/Common/Source/Stubs/close.c.o
 .debug_frame   0x00000000000015b8       0x40 ../../../../../SoC/demosoc/Common/Source/Stubs/fstat.c.o
 .debug_frame   0x00000000000015f8       0x40 ../../../../../SoC/demosoc/Common/Source/Stubs/isatty.c.o
 .debug_frame   0x0000000000001638       0x40 ../../../../../SoC/demosoc/Common/Source/Stubs/lseek.c.o
 .debug_frame   0x0000000000001678       0x40 ../../../../../SoC/demosoc/Common/Source/Stubs/read.c.o
 .debug_frame   0x00000000000016b8       0x40 ../../../../../SoC/demosoc/Common/Source/Stubs/sbrk.c.o
 .debug_frame   0x00000000000016f8       0x40 ../../../../../SoC/demosoc/Common/Source/Stubs/write.c.o
 .debug_frame   0x0000000000001738      0x2b0 ../../../../../SoC/demosoc/Common/Source/system_demosoc.c.o
 .debug_frame   0x00000000000019e8      0x168 ./main.c.o
