Archive member included to satisfy reference by file (symbol)

d:/kffang/backup_sofware/anlogicstudio0303/toolchain/fpsoc/gcc/bin/../lib/gcc/riscv-nuclei-elf/10.2.0/../../../../riscv-nuclei-elf/lib/rv64imafdc/lp64d\libg_nano.a(lib_a-atexit.o)
                              ../../../../../SoC/demosoc/Common/Source/GCC/startup_demosoc.S.o (atexit)
d:/kffang/backup_sofware/anlogicstudio0303/toolchain/fpsoc/gcc/bin/../lib/gcc/riscv-nuclei-elf/10.2.0/../../../../riscv-nuclei-elf/lib/rv64imafdc/lp64d\libg_nano.a(lib_a-fini.o)
                              ../../../../../SoC/demosoc/Common/Source/GCC/startup_demosoc.S.o (__libc_fini_array)
d:/kffang/backup_sofware/anlogicstudio0303/toolchain/fpsoc/gcc/bin/../lib/gcc/riscv-nuclei-elf/10.2.0/../../../../riscv-nuclei-elf/lib/rv64imafdc/lp64d\libg_nano.a(lib_a-impure.o)
                              ../../../../../SoC/demosoc/Common/Source/Drivers/al9000_uart.c.o (_impure_ptr)
d:/kffang/backup_sofware/anlogicstudio0303/toolchain/fpsoc/gcc/bin/../lib/gcc/riscv-nuclei-elf/10.2.0/../../../../riscv-nuclei-elf/lib/rv64imafdc/lp64d\libg_nano.a(lib_a-init.o)
                              ../../../../../SoC/demosoc/Common/Source/GCC/startup_demosoc.S.o (__libc_init_array)
d:/kffang/backup_sofware/anlogicstudio0303/toolchain/fpsoc/gcc/bin/../lib/gcc/riscv-nuclei-elf/10.2.0/../../../../riscv-nuclei-elf/lib/rv64imafdc/lp64d\libg_nano.a(lib_a-printf.o)
                              ../../../../../SoC/demosoc/Common/Source/Drivers/al9000_can.c.o (printf)
d:/kffang/backup_sofware/anlogicstudio0303/toolchain/fpsoc/gcc/bin/../lib/gcc/riscv-nuclei-elf/10.2.0/../../../../riscv-nuclei-elf/lib/rv64imafdc/lp64d\libg_nano.a(lib_a-puts.o)
                              ../../../../../SoC/demosoc/Common/Source/Drivers/al9000_can.c.o (puts)
d:/kffang/backup_sofware/anlogicstudio0303/toolchain/fpsoc/gcc/bin/../lib/gcc/riscv-nuclei-elf/10.2.0/../../../../riscv-nuclei-elf/lib/rv64imafdc/lp64d\libg_nano.a(lib_a-reent.o)
                              ../../../../../SoC/demosoc/Common/Source/Stubs/close.c.o (errno)
d:/kffang/backup_sofware/anlogicstudio0303/toolchain/fpsoc/gcc/bin/../lib/gcc/riscv-nuclei-elf/10.2.0/../../../../riscv-nuclei-elf/lib/rv64imafdc/lp64d\libg_nano.a(lib_a-setvbuf.o)
                              ../../../../../SoC/demosoc/Common/Source/Drivers/al9000_uart.c.o (setvbuf)
d:/kffang/backup_sofware/anlogicstudio0303/toolchain/fpsoc/gcc/bin/../lib/gcc/riscv-nuclei-elf/10.2.0/../../../../riscv-nuclei-elf/lib/rv64imafdc/lp64d\libg_nano.a(lib_a-sysisatty.o)
                              ../../../../../SoC/demosoc/Common/Source/Stubs/write.c.o (isatty)
d:/kffang/backup_sofware/anlogicstudio0303/toolchain/fpsoc/gcc/bin/../lib/gcc/riscv-nuclei-elf/10.2.0/../../../../riscv-nuclei-elf/lib/rv64imafdc/lp64d\libg_nano.a(lib_a-wbuf.o)
                              d:/kffang/backup_sofware/anlogicstudio0303/toolchain/fpsoc/gcc/bin/../lib/gcc/riscv-nuclei-elf/10.2.0/../../../../riscv-nuclei-elf/lib/rv64imafdc/lp64d\libg_nano.a(lib_a-puts.o) (__swbuf_r)
d:/kffang/backup_sofware/anlogicstudio0303/toolchain/fpsoc/gcc/bin/../lib/gcc/riscv-nuclei-elf/10.2.0/../../../../riscv-nuclei-elf/lib/rv64imafdc/lp64d\libg_nano.a(lib_a-wsetup.o)
                              d:/kffang/backup_sofware/anlogicstudio0303/toolchain/fpsoc/gcc/bin/../lib/gcc/riscv-nuclei-elf/10.2.0/../../../../riscv-nuclei-elf/lib/rv64imafdc/lp64d\libg_nano.a(lib_a-puts.o) (__swsetup_r)
d:/kffang/backup_sofware/anlogicstudio0303/toolchain/fpsoc/gcc/bin/../lib/gcc/riscv-nuclei-elf/10.2.0/../../../../riscv-nuclei-elf/lib/rv64imafdc/lp64d\libg_nano.a(lib_a-__atexit.o)
                              d:/kffang/backup_sofware/anlogicstudio0303/toolchain/fpsoc/gcc/bin/../lib/gcc/riscv-nuclei-elf/10.2.0/../../../../riscv-nuclei-elf/lib/rv64imafdc/lp64d\libg_nano.a(lib_a-atexit.o) (__register_exitproc)
d:/kffang/backup_sofware/anlogicstudio0303/toolchain/fpsoc/gcc/bin/../lib/gcc/riscv-nuclei-elf/10.2.0/../../../../riscv-nuclei-elf/lib/rv64imafdc/lp64d\libg_nano.a(lib_a-__call_atexit.o)
                              d:/kffang/backup_sofware/anlogicstudio0303/toolchain/fpsoc/gcc/bin/../lib/gcc/riscv-nuclei-elf/10.2.0/../../../../riscv-nuclei-elf/lib/rv64imafdc/lp64d\libg_nano.a(lib_a-__atexit.o) (__call_exitprocs)
d:/kffang/backup_sofware/anlogicstudio0303/toolchain/fpsoc/gcc/bin/../lib/gcc/riscv-nuclei-elf/10.2.0/../../../../riscv-nuclei-elf/lib/rv64imafdc/lp64d\libg_nano.a(lib_a-fflush.o)
                              d:/kffang/backup_sofware/anlogicstudio0303/toolchain/fpsoc/gcc/bin/../lib/gcc/riscv-nuclei-elf/10.2.0/../../../../riscv-nuclei-elf/lib/rv64imafdc/lp64d\libg_nano.a(lib_a-setvbuf.o) (_fflush_r)
d:/kffang/backup_sofware/anlogicstudio0303/toolchain/fpsoc/gcc/bin/../lib/gcc/riscv-nuclei-elf/10.2.0/../../../../riscv-nuclei-elf/lib/rv64imafdc/lp64d\libg_nano.a(lib_a-findfp.o)
[...]
Memory Configuration

Name             Origin             Length             Attributes
ilm              0x0000000061000000 0x0000000000010000 axrl !w
ram              0x0000000061010000 0x0000000000010000 axw !rl
*default*        0x0000000000000000 0xffffffffffffffff

Linker script and memory map

LOAD ../../../../../SoC/demosoc/Common/Source/GCC/intexc_demosoc.S.o
LOAD ../../../../../SoC/demosoc/Common/Source/GCC/startup_demosoc.S.o
LOAD ../../../../../SoC/demosoc/Common/Source/Drivers/al9000_can.c.o
LOAD ../../../../../SoC/demosoc/Common/Source/Drivers/al9000_dma.c.o
LOAD ../../../../../SoC/demosoc/Common/Source/Drivers/al9000_gpio.c.o
LOAD ../../../../../SoC/demosoc/Common/Source/Drivers/al9000_i2c.c.o
LOAD ../../../../../SoC/demosoc/Common/Source/Drivers/al9000_qspi.c.o
LOAD ../../../../../SoC/demosoc/Common/Source/Drivers/al9000_spi.c.o
LOAD ../../../../../SoC/demosoc/Common/Source/Drivers/al9000_uart.c.o
LOAD ../../../../../SoC/demosoc/Common/Source/Drivers/demosoc_uart.c.o
LOAD ../../../../../SoC/demosoc/Common/Source/Stubs/clock_getres.c.o
LOAD ../../../../../SoC/demosoc/Common/Source/Stubs/clock_gettime.c.o
LOAD ../../../../../SoC/demosoc/Common/Source/Stubs/clock_settime.c.o
LOAD ../../../../../SoC/demosoc/Common/Source/Stubs/close.c.o
LOAD ../../../../../SoC/demosoc/Common/Source/Stubs/execve.c.o
LOAD ../../../../../SoC/demosoc/Common/Source/Stubs/exit.c.o
LOAD ../../../../../SoC/demosoc/Common/Source/Stubs/fork.c.o
LOAD ../../../../../SoC/demosoc/Common/Source/Stubs/fstat.c.o
LOAD ../../../../../SoC/demosoc/Common/Source/Stubs/getpid.c.o
LOAD ../../../../../SoC/demosoc/Common/Source/Stubs/gettimeofday.c.o
LOAD ../../../../../SoC/demosoc/Common/Source/Stubs/isatty.c.o
LOAD ../../../../../SoC/demosoc/Common/Source/Stubs/kill.c.o
LOAD ../../../../../SoC/demosoc/Common/Source/Stubs/link.c.o
LOAD ../../../../../SoC/demosoc/Common/Source/Stubs/lseek.c.o
LOAD ../../../../../SoC/demosoc/Common/Source/Stubs/open.c.o
LOAD ../../../../../SoC/demosoc/Common/Source/Stubs/read.c.o
LOAD ../../../../../SoC/demosoc/Common/Source/Stubs/sbrk.c.o
LOAD ../../../../../SoC/demosoc/Common/Source/Stubs/stat.c.o
LOAD ../../../../../SoC/demosoc/Common/Source/Stubs/times.c.o
LOAD ../../../../../SoC/demosoc/Common/Source/Stubs/unlink.c.o
LOAD ../../../../../SoC/demosoc/Common/Source/Stubs/wait.c.o
LOAD ../../../../../SoC/demosoc/Common/Source/Stubs/write.c.o
LOAD ../../../../../SoC/demosoc/Common/Source/demosoc_common.c.o
LOAD ../../../../../SoC/demosoc/Common/Source/system_demosoc.c.o
LOAD ./main.c.o
LOAD d:/kffang/backup_sofware/anlogicstudio0303/toolchain/fpsoc/gcc/bin/../lib/gcc/riscv-nuclei-elf/10.2.0/../../../../riscv-nuclei-elf/lib/rv64imafdc/lp64d\libstdc++.a
LOAD d:/kffang/backup_sofware/anlogicstudio0303/toolchain/fpsoc/gcc/bin/../lib/gcc/riscv-nuclei-elf/10.2.0/rv64imafdc/lp64d\libgcc.a
LOAD d:/kffang/backup_sofware/anlogicstudio0303/toolchain/fpsoc/gcc/bin/../lib/gcc/riscv-nuclei-elf/10.2.0/../../../../riscv-nuclei-elf/lib/rv64imafdc/lp64d\libg_nano.a
LOAD d:/kffang/backup_sofware/anlogicstudio0303/toolchain/fpsoc/gcc/bin/../lib/gcc/riscv-nuclei-elf/10.2.0/../../../../riscv-nuclei-elf/lib/rv64imafdc/lp64d\libc_nano.a
LOAD d:/kffang/backup_sofware/anlogicstudio0303/toolchain/fpsoc/gcc/bin/../lib/gcc/riscv-nuclei-elf/10.2.0/rv64imafdc/lp64d\libgcc.a
START GROUP
LOAD d:/kffang/backup_sofware/anlogicstudio0303/toolchain/fpsoc/gcc/bin/../lib/gcc/riscv-nuclei-elf/10.2.0/rv64imafdc/lp64d\libgcc.a
LOAD d:/kffang/backup_sofware/anlogicstudio0303/toolchain/fpsoc/gcc/bin/../lib/gcc/riscv-nuclei-elf/10.2.0/../../../../riscv-nuclei-elf/lib/rv64imafdc/lp64d\libc_nano.a
LOAD d:/kffang/backup_sofware/anlogicstudio0303/toolchain/fpsoc/gcc/bin/../lib/gcc/riscv-nuclei-elf/10.2.0/../../../../riscv-nuclei-elf/lib/rv64imafdc/lp64d\libnosys.a
END GROUP
START GROUP
LOAD d:/kffang/backup_sofware/anlogicstudio0303/toolchain/fpsoc/gcc/bin/../lib/gcc/riscv-nuclei-elf/10.2.0/rv64imafdc/lp64d\libgcc.a
LOAD d:/kffang/backup_sofware/anlogicstudio0303/toolchain/fpsoc/gcc/bin/../lib/gcc/riscv-nuclei-elf/10.2.0/../../../../riscv-nuclei-elf/lib/rv64imafdc/lp64d\libc_nano.a
LOAD d:/kffang/backup_sofware/anlogicstudio0303/toolchain/fpsoc/gcc/bin/../lib/gcc/riscv-nuclei-elf/10.2.0/../../../../riscv-nuclei-elf/lib/rv64imafdc/lp64d\libnosys.a
END GROUP
                0x0000000000000800                __stack_size = DEFINED (__stack_size)?__stack_size:0x800

.init           0x0000000061000000      0x2aa
 *(.vtable)
 .vtable        0x0000000061000000      0x1b0 ../../../../../SoC/demosoc/Common/Source/GCC/startup_demosoc.S.o
                0x0000000061000000                vector_base
 *(SORT_NONE(.init))
 .init          0x00000000610001b0       0xfa ../../../../../SoC/demosoc/Common/Source/GCC/startup_demosoc.S.o
                0x00000000610001b0                _start

.ilalign        0x00000000610002aa        0x2
                0x00000000610002ac                . = ALIGN (0x4)
 *fill*         0x00000000610002aa        0x2 
                0x00000000610002ac                PROVIDE (_ilm_lma = .)

.ialign         0x00000000610002ac        0x0
                0x00000000610002ac                PROVIDE (_ilm = .)

.text           0x00000000610002c0     0x4066
 *(.text.unlikely .text.unlikely.*)
 *(.text.startup .text.startup.*)
 *(.text .text.*)
 .text.trap     0x00000000610002c0       0x7e ../../../../../SoC/demosoc/Common/Source/GCC/intexc_demosoc.S.o
                0x00000000610002c0                exc_entry
 *fill*         0x000000006100033e        0x2 
 .text.irq      0x0000000061000340       0x76 ../../../../../SoC/demosoc/Common/Source/GCC/intexc_demosoc.S.o
                0x0000000061000340                irq_entry
                0x00000000610003b2                default_intexc_handler
 .text.dw_dmac_enable
                0x00000000610003b6       0x2c ../../../../../SoC/demosoc/Common/Source/Drivers/al9000_dma.c.o
                0x00000000610003b6                dw_dmac_enable
 .text.dw_dmac_disable
                0x00000000610003e2       0x34 ../../../../../SoC/demosoc/Common/Source/Drivers/al9000_dma.c.o
                0x00000000610003e2                dw_dmac_disable
 .text.dw_dmac_enableChannel
                0x0000000061000416      0x184 ../../../../../SoC/demosoc/Common/Source/Drivers/al9000_dma.c.o
                0x0000000061000416                dw_dmac_enableChannel
 .text.dw_dmac_disableChannel
                0x000000006100059a       0x4c ../../../../../SoC/demosoc/Common/Source/Drivers/al9000_dma.c.o
                0x000000006100059a                dw_dmac_disableChannel
 .text.dw_dmac_setAddress
                0x00000000610005e6       0x70 ../../../../../SoC/demosoc/Common/Source/Drivers/al9000_dma.c.o
                0x00000000610005e6                dw_dmac_setAddress
 .text.dw_dmac_setChannelConfig
                0x0000000061000656      0x1d6 ../../../../../SoC/demosoc/Common/Source/Drivers/al9000_dma.c.o
                0x0000000061000656                dw_dmac_setChannelConfig
 .text.dw_dmac_setTransferType
                0x000000006100082c      0x1d0 ../../../../../SoC/demosoc/Common/Source/Drivers/al9000_dma.c.o
                0x000000006100082c                dw_dmac_setTransferType
 .text.dw_dmac_setMemPeriphFlowCtl
                0x00000000610009fc       0xd6 ../../../../../SoC/demosoc/Common/Source/Drivers/al9000_dma.c.o
                0x00000000610009fc                dw_dmac_setMemPeriphFlowCtl
 .text.dw_dmac_setTransWidth
                0x0000000061000ad2      0x21e ../../../../../SoC/demosoc/Common/Source/Drivers/al9000_dma.c.o
                0x0000000061000ad2                dw_dmac_setTransWidth
 .text.dw_dmac_setBlockTransSize
                0x0000000061000cf0       0x6e ../../../../../SoC/demosoc/Common/Source/Drivers/al9000_dma.c.o
                0x0000000061000cf0                dw_dmac_setBlockTransSize
 .text.dw_dmac_setBurstTransLength
                0x0000000061000d5e      0x27c ../../../../../SoC/demosoc/Common/Source/Drivers/al9000_dma.c.o
                0x0000000061000d5e                dw_dmac_setBurstTransLength
 .text.dw_dmac_setAddressInc
                0x0000000061000fda      0x166 ../../../../../SoC/demosoc/Common/Source/Drivers/al9000_dma.c.o
                0x0000000061000fda                dw_dmac_setAddressInc
 .text.dw_dmac_set_contigous
                0x0000000061001140       0x50 ../../../../../SoC/demosoc/Common/Source/Drivers/al9000_dma.c.o
                0x0000000061001140                dw_dmac_set_contigous
 .text.dw_dmac_setReload
                0x0000000061001190       0xae ../../../../../SoC/demosoc/Common/Source/Drivers/al9000_dma.c.o
                0x0000000061001190                dw_dmac_setReload
 .text.dw_dmac_setSingle
                0x000000006100123e       0xae ../../../../../SoC/demosoc/Common/Source/Drivers/al9000_dma.c.o
                0x000000006100123e                dw_dmac_setSingle
 .text.dw_dmac_setLlpEnable
                0x00000000610012ec       0xc8 ../../../../../SoC/demosoc/Common/Source/Drivers/al9000_dma.c.o
                0x00000000610012ec                dw_dmac_setLlpEnable
 .text.dw_dmac_checkChannelBusy
                0x00000000610013b4       0x34 ../../../../../SoC/demosoc/Common/Source/Drivers/al9000_dma.c.o
                0x00000000610013b4                dw_dmac_checkChannelBusy
 .text.dam_handshake_interfance
                0x00000000610013e8       0x5a ../../../../../SoC/demosoc/Common/Source/Drivers/al9000_dma.c.o
                0x00000000610013e8                dam_handshake_interfance
 .text.write_To_OCM
                0x0000000061001442       0x68 ../../../../../SoC/demosoc/Common/Source/Drivers/al9000_dma.c.o
                0x0000000061001442                write_To_OCM
 .text.write_iic_data
                0x00000000610014aa      0x1c8 ../../../../../SoC/demosoc/Common/Source/Drivers/al9000_dma.c.o
                0x00000000610014aa                write_iic_data
 .text.i2c_dma_data_level
                0x0000000061001672       0x40 ../../../../../SoC/demosoc/Common/Source/Drivers/al9000_dma.c.o
                0x0000000061001672                i2c_dma_data_level
 .text.i2c_dma_tx_enable
                0x00000000610016b2       0x22 ../../../../../SoC/demosoc/Common/Source/Drivers/al9000_dma.c.o
                0x00000000610016b2                i2c_dma_tx_enable
 .text.i2c_dma_rx_enable
                0x00000000610016d4       0x22 ../../../../../SoC/demosoc/Common/Source/Drivers/al9000_dma.c.o
                0x00000000610016d4                i2c_dma_rx_enable
 .text.I2C_dma_Init
                0x00000000610016f6      0x216 ../../../../../SoC/demosoc/Common/Source/Drivers/al9000_dma.c.o
                0x00000000610016f6                I2C_dma_Init
 .text.i2c_disable
                0x000000006100190c       0x1c ../../../../../SoC/demosoc/Common/Source/Drivers/al9000_i2c.c.o
                0x000000006100190c                i2c_disable
 .text.i2c_enable
                0x0000000061001928       0x1e ../../../../../SoC/demosoc/Common/Source/Drivers/al9000_i2c.c.o
                0x0000000061001928                i2c_enable
 .text.i2c_setSclCount
                0x0000000061001946       0xc6 ../../../../../SoC/demosoc/Common/Source/Drivers/al9000_i2c.c.o
                0x0000000061001946                i2c_setSclCount
 .text.i2c_setSpeedMode
                0x0000000061001a0c       0x34 ../../../../../SoC/demosoc/Common/Source/Drivers/al9000_i2c.c.o
                0x0000000061001a0c                i2c_setSpeedMode
 .text.i2c_setMasterAddressMode
                0x0000000061001a40       0x34 ../../../../../SoC/demosoc/Common/Source/Drivers/al9000_i2c.c.o
                0x0000000061001a40                i2c_setMasterAddressMode
 .text.i2c_enableMaster
                0x0000000061001a74       0x1e ../../../../../SoC/demosoc/Common/Source/Drivers/al9000_i2c.c.o
                0x0000000061001a74                i2c_enableMaster
 .text.i2c_setTargetAddress
                0x0000000061001a92       0x3c ../../../../../SoC/demosoc/Common/Source/Drivers/al9000_i2c.c.o
                0x0000000061001a92                i2c_setTargetAddress
 .text.i2c_write
                0x0000000061001ace       0xa8 ../../../../../SoC/demosoc/Common/Source/Drivers/al9000_i2c.c.o
                0x0000000061001ace                i2c_write
 .text.i2c_issueRead
                0x0000000061001b76       0x78 ../../../../../SoC/demosoc/Common/Source/Drivers/al9000_i2c.c.o
                0x0000000061001b76                i2c_issueRead
 .text.i2c_irq_mask
                0x0000000061001bee       0x22 ../../../../../SoC/demosoc/Common/Source/Drivers/al9000_i2c.c.o
                0x0000000061001bee                i2c_irq_mask
 .text.i2c_txThr
                0x0000000061001c10       0x26 ../../../../../SoC/demosoc/Common/Source/Drivers/al9000_i2c.c.o
                0x0000000061001c10                i2c_txThr
 .text.i2c_rxThr
                0x0000000061001c36       0x26 ../../../../../SoC/demosoc/Common/Source/Drivers/al9000_i2c.c.o
                0x0000000061001c36                i2c_rxThr
 .text.i2c_sdaHold_tx
                0x0000000061001c5c       0x24 ../../../../../SoC/demosoc/Common/Source/Drivers/al9000_i2c.c.o
                0x0000000061001c5c                i2c_sdaHold_tx
 .text.i2c_spklen
                0x0000000061001c80       0x28 ../../../../../SoC/demosoc/Common/Source/Drivers/al9000_i2c.c.o
                0x0000000061001c80                i2c_spklen
 .text.i2c_irq_clrAll
                0x0000000061001ca8       0x22 ../../../../../SoC/demosoc/Common/Source/Drivers/al9000_i2c.c.o
                0x0000000061001ca8                i2c_irq_clrAll
 .text.i2c_irq_stat
                0x0000000061001cca       0x1a ../../../../../SoC/demosoc/Common/Source/Drivers/al9000_i2c.c.o
                0x0000000061001cca                i2c_irq_stat
 .text.i2c_status
                0x0000000061001ce4       0x1a ../../../../../SoC/demosoc/Common/Source/Drivers/al9000_i2c.c.o
                0x0000000061001ce4                i2c_status
 .text.i2c_clock_setup
                0x0000000061001cfe      0x16c ../../../../../SoC/demosoc/Common/Source/Drivers/al9000_i2c.c.o
                0x0000000061001cfe                i2c_clock_setup
 .text.AL9000_uart_init
                0x0000000061001e6a       0x84 ../../../../../SoC/demosoc/Common/Source/Drivers/al9000_uart.c.o
                0x0000000061001e6a                AL9000_uart_init
 .text.AL9000_uart_set_baudrate
                0x0000000061001eee       0xc6 ../../../../../SoC/demosoc/Common/Source/Drivers/al9000_uart.c.o
                0x0000000061001eee                AL9000_uart_set_baudrate
 .text.AL9000_uart_dataleng_config
                0x0000000061001fb4       0xa8 ../../../../../SoC/demosoc/Common/Source/Drivers/al9000_uart.c.o
                0x0000000061001fb4                AL9000_uart_dataleng_config
 .text.AL9000_uart_config_stopbit
                0x000000006100205c       0x96 ../../../../../SoC/demosoc/Common/Source/Drivers/al9000_uart.c.o
                0x000000006100205c                AL9000_uart_config_stopbit
 .text.AL9000_uart_fifo_enable
                0x00000000610020f2       0x30 ../../../../../SoC/demosoc/Common/Source/Drivers/al9000_uart.c.o
                0x00000000610020f2                AL9000_uart_fifo_enable
 .text.uart_write
                0x0000000061002122       0x50 ../../../../../SoC/demosoc/Common/Source/Drivers/al9000_uart.c.o
                0x0000000061002122                uart_write
 .text.uart_read
                0x0000000061002172       0x48 ../../../../../SoC/demosoc/Common/Source/Drivers/al9000_uart.c.o
                0x0000000061002172                uart_read
 .text._close   0x00000000610021ba       0x22 ../../../../../SoC/demosoc/Common/Source/Stubs/close.c.o
                0x00000000610021ba                _close
 .text._fstat   0x00000000610021dc       0x4e ../../../../../SoC/demosoc/Common/Source/Stubs/fstat.c.o
                0x00000000610021dc                _fstat
 .text._isatty  0x000000006100222a       0x16 ../../../../../SoC/demosoc/Common/Source/Stubs/isatty.c.o
                0x000000006100222a                _isatty
 .text._lseek   0x0000000061002240       0x26 ../../../../../SoC/demosoc/Common/Source/Stubs/lseek.c.o
                0x0000000061002240                _lseek
 .text._read    0x0000000061002266       0x4e ../../../../../SoC/demosoc/Common/Source/Stubs/read.c.o
                0x0000000061002266                _read
 .text._sbrk    0x00000000610022b4       0x78 ../../../../../SoC/demosoc/Common/Source/Stubs/sbrk.c.o
                0x00000000610022b4                _sbrk
 .text._write   0x000000006100232c       0x9a ../../../../../SoC/demosoc/Common/Source/Stubs/write.c.o
                0x000000006100232c                _write
 .text.SystemInit
                0x00000000610023c6       0x20 ../../../../../SoC/demosoc/Common/Source/system_demosoc.c.o
                0x00000000610023c6                SystemInit
 .text.system_default_exception_handler
                0x00000000610023e6       0x64 ../../../../../SoC/demosoc/Common/Source/system_demosoc.c.o
 .text.Exception_Init
                0x000000006100244a       0x48 ../../../../../SoC/demosoc/Common/Source/system_demosoc.c.o
 .text.core_exception_handler
                0x0000000061002492       0x94 ../../../../../SoC/demosoc/Common/Source/system_demosoc.c.o
                0x0000000061002492                core_exception_handler
 .text.SystemBannerPrint
                0x0000000061002526       0x78 ../../../../../SoC/demosoc/Common/Source/system_demosoc.c.o
                0x0000000061002526                SystemBannerPrint
 .text.ECLIC_Init
                0x000000006100259e       0xa4 ../../../../../SoC/demosoc/Common/Source/system_demosoc.c.o
                0x000000006100259e                ECLIC_Init
 .text._premain_init
                0x0000000061002642       0x3a ../../../../../SoC/demosoc/Common/Source/system_demosoc.c.o
                0x0000000061002642                _premain_init
 .text._postmain_fini
                0x000000006100267c       0x14 ../../../../../SoC/demosoc/Common/Source/system_demosoc.c.o
                0x000000006100267c                _postmain_fini
 .text._init    0x0000000061002690        0xe ../../../../../SoC/demosoc/Common/Source/system_demosoc.c.o
                0x0000000061002690                _init
 .text._fini    0x000000006100269e        0xe ../../../../../SoC/demosoc/Common/Source/system_demosoc.c.o
                0x000000006100269e                _fini
 .text.iic_data_cheak
                0x00000000610026ac      0x190 ./main.c.o
                0x00000000610026ac                iic_data_cheak
 .text.i2c_e2prom
                0x000000006100283c      0x40c ./main.c.o
                0x000000006100283c                i2c_e2prom
 .text.main     0x0000000061002c48      0x116 ./main.c.o
                0x0000000061002c48                main
 .text.atexit   0x0000000061002d5e        0xa d:/kffang/backup_sofware/anlogicstudio0303/toolchain/fpsoc/gcc/bin/../lib/gcc/riscv-nuclei-elf/10.2.0/../../../../riscv-nuclei-elf/lib/rv64imafdc/lp64d\libg_nano.a(lib_a-atexit.o)
                0x0000000061002d5e                atexit
 .text.__libc_fini_array
                0x0000000061002d68       0x36 d:/kffang/backup_sofware/anlogicstudio0303/toolchain/fpsoc/gcc/bin/../lib/gcc/riscv-nuclei-elf/10.2.0/../../../../riscv-nuclei-elf/lib/rv64imafdc/lp64d\libg_nano.a(lib_a-fini.o)
                0x0000000061002d68                __libc_fini_array
 .text.__libc_init_array
                0x0000000061002d9e       0x5e d:/kffang/backup_sofware/anlogicstudio0303/toolchain/fpsoc/gcc/bin/../lib/gcc/riscv-nuclei-elf/10.2.0/../../../../riscv-nuclei-elf/lib/rv64imafdc/lp64d\libg_nano.a(lib_a-init.o)
                0x0000000061002d9e                __libc_init_array
 .text.printf   0x0000000061002dfc       0x3c d:/kffang/backup_sofware/anlogicstudio0303/toolchain/fpsoc/gcc/bin/../lib/gcc/riscv-nuclei-elf/10.2.0/../../../../riscv-nuclei-elf/lib/rv64imafdc/lp64d\libg_nano.a(lib_a-printf.o)
                0x0000000061002dfc                iprintf
                0x0000000061002dfc                printf
 .text._puts_r  0x0000000061002e38       0xe8 d:/kffang/backup_sofware/anlogicstudio0303/toolchain/fpsoc/gcc/bin/../lib/gcc/riscv-nuclei-elf/10.2.0/../../../../riscv-nuclei-elf/lib/rv64imafdc/lp64d\libg_nano.a(lib_a-puts.o)
                0x0000000061002e38                _puts_r
 .text.puts     0x0000000061002f20        0x8 d:/kffang/backup_sofware/anlogicstudio0303/toolchain/fpsoc/gcc/bin/../lib/gcc/riscv-nuclei-elf/10.2.0/../../../../riscv-nuclei-elf/lib/rv64imafdc/lp64d\libg_nano.a(lib_a-puts.o)
                0x0000000061002f20                puts
 .text.setvbuf  0x0000000061002f28      0x190 d:/kffang/backup_sofware/anlogicstudio0303/toolchain/fpsoc/gcc/bin/../lib/gcc/riscv-nuclei-elf/10.2.0/../../../../riscv-nuclei-elf/lib/rv64imafdc/lp64d\libg_nano.a(lib_a-setvbuf.o)
                0x0000000061002f28                setvbuf
 .text.isatty   0x00000000610030b8        0x4 d:/kffang/backup_sofware/anlogicstudio0303/toolchain/fpsoc/gcc/bin/../lib/gcc/riscv-nuclei-elf/10.2.0/../../../../riscv-nuclei-elf/lib/rv64imafdc/lp64d\libg_nano.a(lib_a-sysisatty.o)
                0x00000000610030b8                isatty
 .text.__swbuf_r
                0x00000000610030bc       0xc6 d:/kffang/backup_sofware/anlogicstudio0303/toolchain/fpsoc/gcc/bin/../lib/gcc/riscv-nuclei-elf/10.2.0/../../../../riscv-nuclei-elf/lib/rv64imafdc/lp64d\libg_nano.a(lib_a-wbuf.o)
                0x00000000610030bc                __swbuf_r
 .text.__swsetup_r
                0x0000000061003182      0x10c d:/kffang/backup_sofware/anlogicstudio0303/toolchain/fpsoc/gcc/bin/../lib/gcc/riscv-nuclei-elf/10.2.0/../../../../riscv-nuclei-elf/lib/rv64imafdc/lp64d\libg_nano.a(lib_a-wsetup.o)
                0x0000000061003182                __swsetup_r
 .text.__register_exitproc
                0x000000006100328e       0x7a d:/kffang/backup_sofware/anlogicstudio0303/toolchain/fpsoc/gcc/bin/../lib/gcc/riscv-nuclei-elf/10.2.0/../../../../riscv-nuclei-elf/lib/rv64imafdc/lp64d\libg_nano.a(lib_a-__atexit.o)
                0x000000006100328e                __register_exitproc
 .text.__sflush_r
                0x0000000061003308      0x13a d:/kffang/backup_sofware/anlogicstudio0303/toolchain/fpsoc/gcc/bin/../lib/gcc/riscv-nuclei-elf/10.2.0/../../../../riscv-nuclei-elf/lib/rv64imafdc/lp64d\libg_nano.a(lib_a-fflush.o)
                0x0000000061003308                __sflush_r
 .text._fflush_r
                0x0000000061003442       0x66 d:/kffang/backup_sofware/anlogicstudio0303/toolchain/fpsoc/gcc/bin/../lib/gcc/riscv-nuclei-elf/10.2.0/../../../../riscv-nuclei-elf/lib/rv64imafdc/lp64d\libg_nano.a(lib_a-fflush.o)
                0x0000000061003442                _fflush_r
 .text.std      0x00000000610034a8       0x66 d:/kffang/backup_sofware/anlogicstudio0303/toolchain/fpsoc/gcc/bin/../lib/gcc/riscv-nuclei-elf/10.2.0/../../../../riscv-nuclei-elf/lib/rv64imafdc/lp64d\libg_nano.a(lib_a-findfp.o)
 .text._cleanup_r
                0x000000006100350e        0xa d:/kffang/backup_sofware/anlogicstudio0303/toolchain/fpsoc/gcc/bin/../lib/gcc/riscv-nuclei-elf/10.2.0/../../../../riscv-nuclei-elf/lib/rv64imafdc/lp64d\libg_nano.a(lib_a-findfp.o)
                0x000000006100350e                _cleanup_r
 .text.__sfmoreglue
                0x0000000061003518       0x48 d:/kffang/backup_sofware/anlogicstudio0303/toolchain/fpsoc/gcc/bin/../lib/gcc/riscv-nuclei-elf/10.2.0/../../../../riscv-nuclei-elf/lib/rv64imafdc/lp64d\libg_nano.a(lib_a-findfp.o)
                0x0000000061003518                __sfmoreglue
 .text.__sinit  0x0000000061003560       0x72 d:/kffang/backup_sofware/anlogicstudio0303/toolchain/fpsoc/gcc/bin/../lib/gcc/riscv-nuclei-elf/10.2.0/../../../../riscv-nuclei-elf/lib/rv64imafdc/lp64d\libg_nano.a(lib_a-findfp.o)
                0x0000000061003560                __sinit
 .text.__sfp    0x00000000610035d2       0x9a d:/kffang/backup_sofware/anlogicstudio0303/toolchain/fpsoc/gcc/bin/../lib/gcc/riscv-nuclei-elf/10.2.0/../../../../riscv-nuclei-elf/lib/rv64imafdc/lp64d\libg_nano.a(lib_a-findfp.o)
                0x00000000610035d2                __sfp
 .text._fwalk_reent
                0x000000006100366c       0x6c d:/kffang/backup_sofware/anlogicstudio0303/toolchain/fpsoc/gcc/bin/../lib/gcc/riscv-nuclei-elf/10.2.0/../../../../riscv-nuclei-elf/lib/rv64imafdc/lp64d\libg_nano.a(lib_a-fwalk.o)
                0x000000006100366c                _fwalk_reent
 .text.__swhatbuf_r
                0x00000000610036d8       0x5c d:/kffang/backup_sofware/anlogicstudio0303/toolchain/fpsoc/gcc/bin/../lib/gcc/riscv-nuclei-elf/10.2.0/../../../../riscv-nuclei-elf/lib/rv64imafdc/lp64d\libg_nano.a(lib_a-makebuf.o)
                0x00000000610036d8                __swhatbuf_r
 .text.__smakebuf_r
                0x0000000061003734       0xa2 d:/kffang/backup_sofware/anlogicstudio0303/toolchain/fpsoc/gcc/bin/../lib/gcc/riscv-nuclei-elf/10.2.0/../../../../riscv-nuclei-elf/lib/rv64imafdc/lp64d\libg_nano.a(lib_a-makebuf.o)
                0x0000000061003734                __smakebuf_r
 .text.malloc   0x00000000610037d6        0x8 d:/kffang/backup_sofware/anlogicstudio0303/toolchain/fpsoc/gcc/bin/../lib/gcc/riscv-nuclei-elf/10.2.0/../../../../riscv-nuclei-elf/lib/rv64imafdc/lp64d\libg_nano.a(lib_a-malloc.o)
                0x00000000610037d6                malloc
 .text          0x00000000610037de       0xaa d:/kffang/backup_sofware/anlogicstudio0303/toolchain/fpsoc/gcc/bin/../lib/gcc/riscv-nuclei-elf/10.2.0/../../../../riscv-nuclei-elf/lib/rv64imafdc/lp64d\libg_nano.a(lib_a-memset.o)
                0x00000000610037de                memset
 .text._free_r  0x0000000061003888       0xa6 d:/kffang/backup_sofware/anlogicstudio0303/toolchain/fpsoc/gcc/bin/../lib/gcc/riscv-nuclei-elf/10.2.0/../../../../riscv-nuclei-elf/lib/rv64imafdc/lp64d\libg_nano.a(lib_a-nano-freer.o)
                0x0000000061003888                _free_r
 .text._malloc_r
                0x000000006100392e       0xea d:/kffang/backup_sofware/anlogicstudio0303/toolchain/fpsoc/gcc/bin/../lib/gcc/riscv-nuclei-elf/10.2.0/../../../../riscv-nuclei-elf/lib/rv64imafdc/lp64d\libg_nano.a(lib_a-nano-mallocr.o)
                0x000000006100392e                _malloc_r
 .text.__sfputc_r
                0x0000000061003a18       0x2c d:/kffang/backup_sofware/anlogicstudio0303/toolchain/fpsoc/gcc/bin/../lib/gcc/riscv-nuclei-elf/10.2.0/../../../../riscv-nuclei-elf/lib/rv64imafdc/lp64d\libg_nano.a(lib_a-nano-vfprintf.o)
 .text.__sfputs_r
                0x0000000061003a44       0x44 d:/kffang/backup_sofware/anlogicstudio0303/toolchain/fpsoc/gcc/bin/../lib/gcc/riscv-nuclei-elf/10.2.0/../../../../riscv-nuclei-elf/lib/rv64imafdc/lp64d\libg_nano.a(lib_a-nano-vfprintf.o)
                0x0000000061003a44                __sfputs_r
 .text._vfprintf_r
                0x0000000061003a88      0x2ae d:/kffang/backup_sofware/anlogicstudio0303/toolchain/fpsoc/gcc/bin/../lib/gcc/riscv-nuclei-elf/10.2.0/../../../../riscv-nuclei-elf/lib/rv64imafdc/lp64d\libg_nano.a(lib_a-nano-vfprintf.o)
                0x0000000061003a88                _vfprintf_r
                0x0000000061003a88                _vfiprintf_r
 .text._printf_common
                0x0000000061003d36      0x124 d:/kffang/backup_sofware/anlogicstudio0303/toolchain/fpsoc/gcc/bin/../lib/gcc/riscv-nuclei-elf/10.2.0/../../../../riscv-nuclei-elf/lib/rv64imafdc/lp64d\libg_nano.a(lib_a-nano-vfprintf_i.o)
                0x0000000061003d36                _printf_common
 .text._printf_i
                0x0000000061003e5a      0x290 d:/kffang/backup_sofware/anlogicstudio0303/toolchain/fpsoc/gcc/bin/../lib/gcc/riscv-nuclei-elf/10.2.0/../../../../riscv-nuclei-elf/lib/rv64imafdc/lp64d\libg_nano.a(lib_a-nano-vfprintf_i.o)
                0x0000000061003e5a                _printf_i
 .text._sbrk_r  0x00000000610040ea       0x30 d:/kffang/backup_sofware/anlogicstudio0303/toolchain/fpsoc/gcc/bin/../lib/gcc/riscv-nuclei-elf/10.2.0/../../../../riscv-nuclei-elf/lib/rv64imafdc/lp64d\libg_nano.a(lib_a-sbrkr.o)
                0x00000000610040ea                _sbrk_r
 .text.__sread  0x000000006100411a       0x32 d:/kffang/backup_sofware/anlogicstudio0303/toolchain/fpsoc/gcc/bin/../lib/gcc/riscv-nuclei-elf/10.2.0/../../../../riscv-nuclei-elf/lib/rv64imafdc/lp64d\libg_nano.a(lib_a-stdio.o)
                0x000000006100411a                __sread
 .text.__swrite
                0x000000006100414c       0x50 d:/kffang/backup_sofware/anlogicstudio0303/toolchain/fpsoc/gcc/bin/../lib/gcc/riscv-nuclei-elf/10.2.0/../../../../riscv-nuclei-elf/lib/rv64imafdc/lp64d\libg_nano.a(lib_a-stdio.o)
                0x000000006100414c                __swrite
 .text.__sseek  0x000000006100419c       0x38 d:/kffang/backup_sofware/anlogicstudio0303/toolchain/fpsoc/gcc/bin/../lib/gcc/riscv-nuclei-elf/10.2.0/../../../../riscv-nuclei-elf/lib/rv64imafdc/lp64d\libg_nano.a(lib_a-stdio.o)
                0x000000006100419c                __sseek
 .text.__sclose
                0x00000000610041d4        0x6 d:/kffang/backup_sofware/anlogicstudio0303/toolchain/fpsoc/gcc/bin/../lib/gcc/riscv-nuclei-elf/10.2.0/../../../../riscv-nuclei-elf/lib/rv64imafdc/lp64d\libg_nano.a(lib_a-stdio.o)
                0x00000000610041d4                __sclose
 .text._write_r
                0x00000000610041da       0x34 d:/kffang/backup_sofware/anlogicstudio0303/toolchain/fpsoc/gcc/bin/../lib/gcc/riscv-nuclei-elf/10.2.0/../../../../riscv-nuclei-elf/lib/rv64imafdc/lp64d\libg_nano.a(lib_a-writer.o)
                0x00000000610041da                _write_r
 .text._close_r
                0x000000006100420e       0x30 d:/kffang/backup_sofware/anlogicstudio0303/toolchain/fpsoc/gcc/bin/../lib/gcc/riscv-nuclei-elf/10.2.0/../../../../riscv-nuclei-elf/lib/rv64imafdc/lp64d\libg_nano.a(lib_a-closer.o)
                0x000000006100420e                _close_r
 .text._fstat_r
                0x000000006100423e       0x32 d:/kffang/backup_sofware/anlogicstudio0303/toolchain/fpsoc/gcc/bin/../lib/gcc/riscv-nuclei-elf/10.2.0/../../../../riscv-nuclei-elf/lib/rv64imafdc/lp64d\libg_nano.a(lib_a-fstatr.o)
                0x000000006100423e                _fstat_r
 .text._isatty_r
                0x0000000061004270       0x30 d:/kffang/backup_sofware/anlogicstudio0303/toolchain/fpsoc/gcc/bin/../lib/gcc/riscv-nuclei-elf/10.2.0/../../../../riscv-nuclei-elf/lib/rv64imafdc/lp64d\libg_nano.a(lib_a-isattyr.o)
                0x0000000061004270                _isatty_r
 .text._lseek_r
                0x00000000610042a0       0x34 d:/kffang/backup_sofware/anlogicstudio0303/toolchain/fpsoc/gcc/bin/../lib/gcc/riscv-nuclei-elf/10.2.0/../../../../riscv-nuclei-elf/lib/rv64imafdc/lp64d\libg_nano.a(lib_a-lseekr.o)
                0x00000000610042a0                _lseek_r
 .text.memchr   0x00000000610042d4       0x1a d:/kffang/backup_sofware/anlogicstudio0303/toolchain/fpsoc/gcc/bin/../lib/gcc/riscv-nuclei-elf/10.2.0/../../../../riscv-nuclei-elf/lib/rv64imafdc/lp64d\libg_nano.a(lib_a-memchr.o)
                0x00000000610042d4                memchr
 .text.__malloc_lock
                0x00000000610042ee        0x2 d:/kffang/backup_sofware/anlogicstudio0303/toolchain/fpsoc/gcc/bin/../lib/gcc/riscv-nuclei-elf/10.2.0/../../../../riscv-nuclei-elf/lib/rv64imafdc/lp64d\libg_nano.a(lib_a-mlock.o)
                0x00000000610042ee                __malloc_lock
 .text.__malloc_unlock
                0x00000000610042f0        0x2 d:/kffang/backup_sofware/anlogicstudio0303/toolchain/fpsoc/gcc/bin/../lib/gcc/riscv-nuclei-elf/10.2.0/../../../../riscv-nuclei-elf/lib/rv64imafdc/lp64d\libg_nano.a(lib_a-mlock.o)
                0x00000000610042f0                __malloc_unlock
 .text._read_r  0x00000000610042f2       0x34 d:/kffang/backup_sofware/anlogicstudio0303/toolchain/fpsoc/gcc/bin/../lib/gcc/riscv-nuclei-elf/10.2.0/../../../../riscv-nuclei-elf/lib/rv64imafdc/lp64d\libg_nano.a(lib_a-readr.o)
                0x00000000610042f2                _read_r
 *(.gnu.linkonce.t.*)

.rodata         0x0000000061004328      0x414
                0x0000000061004328                . = ALIGN (0x4)
 *(.rdata)
 *(.rodata .rodata.*)
 .rodata.dw_dmac_enableChannel
                0x0000000061004328       0x20 ../../../../../SoC/demosoc/Common/Source/Drivers/al9000_dma.c.o
 .rodata.dw_dmac_setTransferType
                0x0000000061004348       0x28 ../../../../../SoC/demosoc/Common/Source/Drivers/al9000_dma.c.o
 .rodata.dw_dmac_setTransWidth
                0x0000000061004370       0x28 ../../../../../SoC/demosoc/Common/Source/Drivers/al9000_dma.c.o
 .rodata.dw_dmac_setBurstTransLength
                0x0000000061004398       0x38 ../../../../../SoC/demosoc/Common/Source/Drivers/al9000_dma.c.o
 .rodata        0x00000000610043d0      0x118 ../../../../../SoC/demosoc/Common/Source/system_demosoc.c.o
 .rodata        0x00000000610044e8      0x10b ./main.c.o
 *fill*         0x00000000610045f3        0x5 
 .rodata.__sf_fake_stderr
                0x00000000610045f8       0x38 d:/kffang/backup_sofware/anlogicstudio0303/toolchain/fpsoc/gcc/bin/../lib/gcc/riscv-nuclei-elf/10.2.0/../../../../riscv-nuclei-elf/lib/rv64imafdc/lp64d\libg_nano.a(lib_a-findfp.o)
                0x00000000610045f8                __sf_fake_stderr
 .rodata.__sf_fake_stdin
                0x0000000061004630       0x38 d:/kffang/backup_sofware/anlogicstudio0303/toolchain/fpsoc/gcc/bin/../lib/gcc/riscv-nuclei-elf/10.2.0/../../../../riscv-nuclei-elf/lib/rv64imafdc/lp64d\libg_nano.a(lib_a-findfp.o)
                0x0000000061004630                __sf_fake_stdin
 .rodata.__sf_fake_stdout
                0x0000000061004668       0x38 d:/kffang/backup_sofware/anlogicstudio0303/toolchain/fpsoc/gcc/bin/../lib/gcc/riscv-nuclei-elf/10.2.0/../../../../riscv-nuclei-elf/lib/rv64imafdc/lp64d\libg_nano.a(lib_a-findfp.o)
                0x0000000061004668                __sf_fake_stdout
 .rodata._vfprintf_r.str1.8
                0x00000000610046a0       0x17 d:/kffang/backup_sofware/anlogicstudio0303/toolchain/fpsoc/gcc/bin/../lib/gcc/riscv-nuclei-elf/10.2.0/../../../../riscv-nuclei-elf/lib/rv64imafdc/lp64d\libg_nano.a(lib_a-nano-vfprintf.o)
 *fill*         0x00000000610046b7        0x1 
 .rodata._printf_i.str1.8
                0x00000000610046b8       0x29 d:/kffang/backup_sofware/anlogicstudio0303/toolchain/fpsoc/gcc/bin/../lib/gcc/riscv-nuclei-elf/10.2.0/../../../../riscv-nuclei-elf/lib/rv64imafdc/lp64d\libg_nano.a(lib_a-nano-vfprintf_i.o)
 *fill*         0x00000000610046e1        0x3 
 .rodata._printf_i
                0x00000000610046e4       0x58 d:/kffang/backup_sofware/anlogicstudio0303/toolchain/fpsoc/gcc/bin/../lib/gcc/riscv-nuclei-elf/10.2.0/../../../../riscv-nuclei-elf/lib/rv64imafdc/lp64d\libg_nano.a(lib_a-nano-vfprintf_i.o)
                0x000000006100473c                . = ALIGN (0x4)
                0x000000006100473c                __rt_init_start = .
 *(SORT_BY_NAME(.rti_fn*))
                0x000000006100473c                __rt_init_end = .
                0x000000006100473c                . = ALIGN (0x4)
                0x000000006100473c                __fsymtab_start = .
 *(FSymTab)
                0x000000006100473c                __fsymtab_end = .
                0x000000006100473c                . = ALIGN (0x4)
                0x000000006100473c                __vsymtab_start = .
 *(VSymTab)
                0x000000006100473c                __vsymtab_end = .
 *(.gnu.linkonce.r.*)

.rela.dyn       0x0000000061004740        0x0
 .rela.init     0x0000000061004740        0x0 ../../../../../SoC/demosoc/Common/Source/GCC/intexc_demosoc.S.o
 .rela.sdata.curbrk.0
                0x0000000061004740        0x0 ../../../../../SoC/demosoc/Common/Source/GCC/intexc_demosoc.S.o
 .rela.text._sbrk
                0x0000000061004740        0x0 ../../../../../SoC/demosoc/Common/Source/GCC/intexc_demosoc.S.o
 .rela.text.__libc_fini_array
                0x0000000061004740        0x0 ../../../../../SoC/demosoc/Common/Source/GCC/intexc_demosoc.S.o
 .rela.text.__libc_init_array
                0x0000000061004740        0x0 ../../../../../SoC/demosoc/Common/Source/GCC/intexc_demosoc.S.o
 .rela.text.__register_exitproc
                0x0000000061004740        0x0 ../../../../../SoC/demosoc/Common/Source/GCC/intexc_demosoc.S.o
 .rela.text._vfprintf_r
                0x0000000061004740        0x0 ../../../../../SoC/demosoc/Common/Source/GCC/intexc_demosoc.S.o

.fini
 *(SORT_NONE(.fini))
                0x0000000061004740                . = ALIGN (0x4)
                [!provide]                        PROVIDE (__etext = .)
                [!provide]                        PROVIDE (_etext = .)
                [!provide]                        PROVIDE (etext = .)
                0x000000006100473c                PROVIDE (_eilm = .)

.preinit_array  0x000000006100473c        0x0
                0x000000006100473c                PROVIDE (__preinit_array_start = .)
 *(.preinit_array)
                0x000000006100473c                PROVIDE (__preinit_array_end = .)

.init_array     0x000000006100473c        0x0
                0x000000006100473c                PROVIDE (__init_array_start = .)
 *(SORT_BY_INIT_PRIORITY(.init_array.*) SORT_BY_INIT_PRIORITY(.ctors.*))
 *(.init_array EXCLUDE_FILE(*crtend?.o *crtend.o *crtbegin?.o *crtbegin.o) .ctors)
                0x000000006100473c                PROVIDE (__init_array_end = .)

.fini_array     0x000000006100473c        0x0
                0x000000006100473c                PROVIDE (__fini_array_start = .)
 *(SORT_BY_INIT_PRIORITY(.fini_array.*) SORT_BY_INIT_PRIORITY(.dtors.*))
 *(.fini_array EXCLUDE_FILE(*crtend?.o *crtend.o *crtbegin?.o *crtbegin.o) .dtors)
                0x000000006100473c                PROVIDE (__fini_array_end = .)

.ctors
 *crtbegin.o(.ctors)
 *crtbegin?.o(.ctors)
 *(EXCLUDE_FILE(*crtend?.o *crtend.o) .ctors)
 *(SORT_BY_NAME(.ctors.*))
 *(.ctors)

.dtors
 *crtbegin.o(.dtors)
 *crtbegin?.o(.dtors)
 *(EXCLUDE_FILE(*crtend?.o *crtend.o) .dtors)
 *(SORT_BY_NAME(.dtors.*))
 *(.dtors)

.lalign         0x000000006100473c        0x0
                0x000000006100473c                . = ALIGN (0x4)
                0x000000006100473c                PROVIDE (_data_lma = .)

.dalign         0x0000000061010000        0x0 load address 0x000000006100473c
                0x0000000061010000                . = ALIGN (0x4)
                0x0000000061010000                PROVIDE (_data = .)

.data           0x0000000061010000       0xd0 load address 0x000000006100473c
 *(.data .data.*)
 .data.impure_data
                0x0000000061010000       0xb0 d:/kffang/backup_sofware/anlogicstudio0303/toolchain/fpsoc/gcc/bin/../lib/gcc/riscv-nuclei-elf/10.2.0/../../../../riscv-nuclei-elf/lib/rv64imafdc/lp64d\libg_nano.a(lib_a-impure.o)
 *(.gnu.linkonce.d.*)
                0x00000000610100b0                . = ALIGN (0x8)
                0x00000000610108b0                PROVIDE (__global_pointer$ = (. + 0x800))
 *(.sdata .sdata.* .sdata*)
 .sdata.curbrk.0
                0x00000000610100b0        0x8 ../../../../../SoC/demosoc/Common/Source/Stubs/sbrk.c.o
 .sdata.SystemCoreClock
                0x00000000610100b8        0x4 ../../../../../SoC/demosoc/Common/Source/system_demosoc.c.o
                0x00000000610100b8                SystemCoreClock
 *fill*         0x00000000610100bc        0x4 
 .sdata._impure_ptr
                0x00000000610100c0        0x8 d:/kffang/backup_sofware/anlogicstudio0303/toolchain/fpsoc/gcc/bin/../lib/gcc/riscv-nuclei-elf/10.2.0/../../../../riscv-nuclei-elf/lib/rv64imafdc/lp64d\libg_nano.a(lib_a-impure.o)
                0x00000000610100c0                _impure_ptr
 *(.gnu.linkonce.s.*)
                0x00000000610100c8                . = ALIGN (0x8)
 *(.srodata.cst16)
 *(.srodata.cst8)
 *(.srodata.cst4)
 *(.srodata.cst2)
 *(.srodata .srodata.*)
 .srodata._global_impure_ptr
                0x00000000610100c8        0x8 d:/kffang/backup_sofware/anlogicstudio0303/toolchain/fpsoc/gcc/bin/../lib/gcc/riscv-nuclei-elf/10.2.0/../../../../riscv-nuclei-elf/lib/rv64imafdc/lp64d\libg_nano.a(lib_a-impure.o)
                0x00000000610100c8                _global_impure_ptr
                0x00000000610100d0                . = ALIGN (0x4)
                0x00000000610100d0                PROVIDE (_edata = .)
                [!provide]                        PROVIDE (edata = .)
                [!provide]                        PROVIDE (_fbss = .)
                0x00000000610100d0                PROVIDE (__bss_start = .)

.bss            0x00000000610100d0      0x1e8
 *(.sbss*)
 .sbss.amount0  0x00000000610100d0        0x1 ./main.c.o
                0x00000000610100d0                amount0
 *fill*         0x00000000610100d1        0x3 
 .sbss.rdata0_0
                0x00000000610100d4        0x4 ./main.c.o
                0x00000000610100d4                rdata0_0
 .sbss.errno    0x00000000610100d8        0x4 d:/kffang/backup_sofware/anlogicstudio0303/toolchain/fpsoc/gcc/bin/../lib/gcc/riscv-nuclei-elf/10.2.0/../../../../riscv-nuclei-elf/lib/rv64imafdc/lp64d\libg_nano.a(lib_a-reent.o)
                0x00000000610100d8                errno
 *fill*         0x00000000610100dc        0x4 
 .sbss._global_atexit
                0x00000000610100e0        0x8 d:/kffang/backup_sofware/anlogicstudio0303/toolchain/fpsoc/gcc/bin/../lib/gcc/riscv-nuclei-elf/10.2.0/../../../../riscv-nuclei-elf/lib/rv64imafdc/lp64d\libg_nano.a(lib_a-__call_atexit.o)
                0x00000000610100e0                _global_atexit
 .sbss.__malloc_free_list
                0x00000000610100e8        0x8 d:/kffang/backup_sofware/anlogicstudio0303/toolchain/fpsoc/gcc/bin/../lib/gcc/riscv-nuclei-elf/10.2.0/../../../../riscv-nuclei-elf/lib/rv64imafdc/lp64d\libg_nano.a(lib_a-nano-mallocr.o)
                0x00000000610100e8                __malloc_free_list
 .sbss.__malloc_sbrk_start
                0x00000000610100f0        0x8 d:/kffang/backup_sofware/anlogicstudio0303/toolchain/fpsoc/gcc/bin/../lib/gcc/riscv-nuclei-elf/10.2.0/../../../../riscv-nuclei-elf/lib/rv64imafdc/lp64d\libg_nano.a(lib_a-nano-mallocr.o)
                0x00000000610100f0                __malloc_sbrk_start
 *(.gnu.linkonce.sb.*)
 *(.bss .bss.*)
 .bss.SystemExceptionHandlers
                0x00000000610100f8       0x68 ../../../../../SoC/demosoc/Common/Source/system_demosoc.c.o
 .bss.tx_buf1   0x0000000061010160       0x40 ./main.c.o
                0x0000000061010160                tx_buf1
 .bss._global_atexit0
                0x00000000610101a0      0x118 d:/kffang/backup_sofware/anlogicstudio0303/toolchain/fpsoc/gcc/bin/../lib/gcc/riscv-nuclei-elf/10.2.0/../../../../riscv-nuclei-elf/lib/rv64imafdc/lp64d\libg_nano.a(lib_a-__atexit.o)
 *(.gnu.linkonce.b.*)
 *(COMMON)
                0x00000000610102b8                . = ALIGN (0x4)
                0x00000000610102b8                . = ALIGN (0x8)
                0x00000000610102b8                PROVIDE (_end = .)
                [!provide]                        PROVIDE (end = .)

.stack          0x000000006101f800      0x800 load address 0x00000000610102b8
                0x000000006101f800                PROVIDE (_heap_end = .)
                0x0000000000000800                . = __stack_size
 *fill*         0x000000006101f800      0x800 
                0x0000000061020000                PROVIDE (_sp = .)
OUTPUT(AL9000_dmac.elf elf64-littleriscv)

.riscv.attributes
                0x0000000000000000       0x39
 .riscv.attributes
                0x0000000000000000       0x37 ../../../../../SoC/demosoc/Common/Source/GCC/intexc_demosoc.S.o
 .riscv.attributes
                0x0000000000000037       0x37 ../../../../../SoC/demosoc/Common/Source/GCC/startup_demosoc.S.o
 .riscv.attributes
                0x000000000000006e       0x35 ../../../../../SoC/demosoc/Common/Source/Drivers/al9000_dma.c.o
 .riscv.attributes
                0x00000000000000a3       0x35 ../../../../../SoC/demosoc/Common/Source/Drivers/al9000_i2c.c.o
 .riscv.attributes
                0x00000000000000d8       0x35 ../../../../../SoC/demosoc/Common/Source/Drivers/al9000_uart.c.o
 .riscv.attributes
                0x000000000000010d       0x35 ../../../../../SoC/demosoc/Common/Source/Stubs/close.c.o
 .riscv.attributes
                0x0000000000000142       0x35 ../../../../../SoC/demosoc/Common/Source/Stubs/fstat.c.o
 .riscv.attributes
                0x0000000000000177       0x35 ../../../../../SoC/demosoc/Common/Source/Stubs/isatty.c.o
 .riscv.attributes
                0x00000000000001ac       0x35 ../../../../../SoC/demosoc/Common/Source/Stubs/lseek.c.o
 .riscv.attributes
                0x00000000000001e1       0x35 ../../../../../SoC/demosoc/Common/Source/Stubs/read.c.o
 .riscv.attributes
                0x0000000000000216       0x35 ../../../../../SoC/demosoc/Common/Source/Stubs/sbrk.c.o
 .riscv.attributes
                0x000000000000024b       0x35 ../../../../../SoC/demosoc/Common/Source/Stubs/write.c.o
 .riscv.attributes
                0x0000000000000280       0x39 ../../../../../SoC/demosoc/Common/Source/system_demosoc.c.o
 .riscv.attributes
                0x00000000000002b9       0x35 ./main.c.o
 .riscv.attributes
                0x00000000000002ee       0x35 d:/kffang/backup_sofware/anlogicstudio0303/toolchain/fpsoc/gcc/bin/../lib/gcc/riscv-nuclei-elf/10.2.0/../../../../riscv-nuclei-elf/lib/rv64imafdc/lp64d\libg_nano.a(lib_a-atexit.o)
 .riscv.attributes
                0x0000000000000323       0x35 d:/kffang/backup_sofware/anlogicstudio0303/toolchain/fpsoc/gcc/bin/../lib/gcc/riscv-nuclei-elf/10.2.0/../../../../riscv-nuclei-elf/lib/rv64imafdc/lp64d\libg_nano.a(lib_a-fini.o)
 .riscv.attributes
                0x0000000000000358       0x35 d:/kffang/backup_sofware/anlogicstudio0303/toolchain/fpsoc/gcc/bin/../lib/gcc/riscv-nuclei-elf/10.2.0/../../../../riscv-nuclei-elf/lib/rv64imafdc/lp64d\libg_nano.a(lib_a-impure.o)
 .riscv.attributes
                0x000000000000038d       0x35 d:/kffang/backup_sofware/anlogicstudio0303/toolchain/fpsoc/gcc/bin/../lib/gcc/riscv-nuclei-elf/10.2.0/../../../../riscv-nuclei-elf/lib/rv64imafdc/lp64d\libg_nano.a(lib_a-init.o)
 .riscv.attributes
                0x00000000000003c2       0x35 d:/kffang/backup_sofware/anlogicstudio0303/toolchain/fpsoc/gcc/bin/../lib/gcc/riscv-nuclei-elf/10.2.0/../../../../riscv-nuclei-elf/lib/rv64imafdc/lp64d\libg_nano.a(lib_a-printf.o)
 .riscv.attributes
                0x00000000000003f7       0x35 d:/kffang/backup_sofware/anlogicstudio0303/toolchain/fpsoc/gcc/bin/../lib/gcc/riscv-nuclei-elf/10.2.0/../../../../riscv-nuclei-elf/lib/rv64imafdc/lp64d\libg_nano.a(lib_a-puts.o)
 .riscv.attributes
                0x000000000000042c       0x35 d:/kffang/backup_sofware/anlogicstudio0303/toolchain/fpsoc/gcc/bin/../lib/gcc/riscv-nuclei-elf/10.2.0/../../../../riscv-nuclei-elf/lib/rv64imafdc/lp64d\libg_nano.a(lib_a-reent.o)
 .riscv.attributes
                0x0000000000000461       0x35 d:/kffang/backup_sofware/anlogicstudio0303/toolchain/fpsoc/gcc/bin/../lib/gcc/riscv-nuclei-elf/10.2.0/../../../../riscv-nuclei-elf/lib/rv64imafdc/lp64d\libg_nano.a(lib_a-setvbuf.o)
 .riscv.attributes
                0x0000000000000496       0x35 d:/kffang/backup_sofware/anlogicstudio0303/toolchain/fpsoc/gcc/bin/../lib/gcc/riscv-nuclei-elf/10.2.0/../../../../riscv-nuclei-elf/lib/rv64imafdc/lp64d\libg_nano.a(lib_a-sysisatty.o)
 .riscv.attributes
                0x00000000000004cb       0x35 d:/kffang/backup_sofware/anlogicstudio0303/toolchain/fpsoc/gcc/bin/../lib/gcc/riscv-nuclei-elf/10.2.0/../../../../riscv-nuclei-elf/lib/rv64imafdc/lp64d\libg_nano.a(lib_a-wbuf.o)
 .riscv.attributes
                0x0000000000000500       0x35 d:/kffang/backup_sofware/anlogicstudio0303/toolchain/fpsoc/gcc/bin/../lib/gcc/riscv-nuclei-elf/10.2.0/../../../../riscv-nuclei-elf/lib/rv64imafdc/lp64d\libg_nano.a(lib_a-wsetup.o)
 .riscv.attributes
                0x0000000000000535       0x35 d:/kffang/backup_sofware/anlogicstudio0303/toolchain/fpsoc/gcc/bin/../lib/gcc/riscv-nuclei-elf/10.2.0/../../../../riscv-nuclei-elf/lib/rv64imafdc/lp64d\libg_nano.a(lib_a-__atexit.o)
 .riscv.attributes
                0x000000000000056a       0x35 d:/kffang/backup_sofware/anlogicstudio0303/toolchain/fpsoc/gcc/bin/../lib/gcc/riscv-nuclei-elf/10.2.0/../../../../riscv-nuclei-elf/lib/rv64imafdc/lp64d\libg_nano.a(lib_a-__call_atexit.o)
 .riscv.attributes
                0x000000000000059f       0x35 d:/kffang/backup_sofware/anlogicstudio0303/toolchain/fpsoc/gcc/bin/../lib/gcc/riscv-nuclei-elf/10.2.0/../../../../riscv-nuclei-elf/lib/rv64imafdc/lp64d\libg_nano.a(lib_a-fflush.o)
 .riscv.attributes
                0x00000000000005d4       0x35 d:/kffang/backup_sofware/anlogicstudio0303/toolchain/fpsoc/gcc/bin/../lib/gcc/riscv-nuclei-elf/10.2.0/../../../../riscv-nuclei-elf/lib/rv64imafdc/lp64d\libg_nano.a(lib_a-findfp.o)
 .riscv.attributes
                0x0000000000000609       0x35 d:/kffang/backup_sofware/anlogicstudio0303/toolchain/fpsoc/gcc/bin/../lib/gcc/riscv-nuclei-elf/10.2.0/../../../../riscv-nuclei-elf/lib/rv64imafdc/lp64d\libg_nano.a(lib_a-fwalk.o)
 .riscv.attributes
                0x000000000000063e       0x35 d:/kffang/backup_sofware/anlogicstudio0303/toolchain/fpsoc/gcc/bin/../lib/gcc/riscv-nuclei-elf/10.2.0/../../../../riscv-nuclei-elf/lib/rv64imafdc/lp64d\libg_nano.a(lib_a-makebuf.o)
 .riscv.attributes
                0x0000000000000673       0x35 d:/kffang/backup_sofware/anlogicstudio0303/toolchain/fpsoc/gcc/bin/../lib/gcc/riscv-nuclei-elf/10.2.0/../../../../riscv-nuclei-elf/lib/rv64imafdc/lp64d\libg_nano.a(lib_a-malloc.o)
 .riscv.attributes
                0x00000000000006a8       0x33 d:/kffang/backup_sofware/anlogicstudio0303/toolchain/fpsoc/gcc/bin/../lib/gcc/riscv-nuclei-elf/10.2.0/../../../../riscv-nuclei-elf/lib/rv64imafdc/lp64d\libg_nano.a(lib_a-memset.o)
 .riscv.attributes
                0x00000000000006db       0x35 d:/kffang/backup_sofware/anlogicstudio0303/toolchain/fpsoc/gcc/bin/../lib/gcc/riscv-nuclei-elf/10.2.0/../../../../riscv-nuclei-elf/lib/rv64imafdc/lp64d\libg_nano.a(lib_a-nano-freer.o)
 .riscv.attributes
                0x0000000000000710       0x35 d:/kffang/backup_sofware/anlogicstudio0303/toolchain/fpsoc/gcc/bin/../lib/gcc/riscv-nuclei-elf/10.2.0/../../../../riscv-nuclei-elf/lib/rv64imafdc/lp64d\libg_nano.a(lib_a-nano-mallocr.o)
 .riscv.attributes
                0x0000000000000745       0x35 d:/kffang/backup_sofware/anlogicstudio0303/toolchain/fpsoc/gcc/bin/../lib/gcc/riscv-nuclei-elf/10.2.0/../../../../riscv-nuclei-elf/lib/rv64imafdc/lp64d\libg_nano.a(lib_a-nano-vfprintf.o)
 .riscv.attributes
                0x000000000000077a       0x35 d:/kffang/backup_sofware/anlogicstudio0303/toolchain/fpsoc/gcc/bin/../lib/gcc/riscv-nuclei-elf/10.2.0/../../../../riscv-nuclei-elf/lib/rv64imafdc/lp64d\libg_nano.a(lib_a-nano-vfprintf_i.o)
 .riscv.attributes
                0x00000000000007af       0x35 d:/kffang/backup_sofware/anlogicstudio0303/toolchain/fpsoc/gcc/bin/../lib/gcc/riscv-nuclei-elf/10.2.0/../../../../riscv-nuclei-elf/lib/rv64imafdc/lp64d\libg_nano.a(lib_a-sbrkr.o)
 .riscv.attributes
                0x00000000000007e4       0x35 d:/kffang/backup_sofware/anlogicstudio0303/toolchain/fpsoc/gcc/bin/../lib/gcc/riscv-nuclei-elf/10.2.0/../../../../riscv-nuclei-elf/lib/rv64imafdc/lp64d\libg_nano.a(lib_a-stdio.o)
 .riscv.attributes
                0x0000000000000819       0x35 d:/kffang/backup_sofware/anlogicstudio0303/toolchain/fpsoc/gcc/bin/../lib/gcc/riscv-nuclei-elf/10.2.0/../../../../riscv-nuclei-elf/lib/rv64imafdc/lp64d\libg_nano.a(lib_a-writer.o)
 .riscv.attributes
                0x000000000000084e       0x35 d:/kffang/backup_sofware/anlogicstudio0303/toolchain/fpsoc/gcc/bin/../lib/gcc/riscv-nuclei-elf/10.2.0/../../../../riscv-nuclei-elf/lib/rv64imafdc/lp64d\libg_nano.a(lib_a-closer.o)
 .riscv.attributes
                0x0000000000000883       0x35 d:/kffang/backup_sofware/anlogicstudio0303/toolchain/fpsoc/gcc/bin/../lib/gcc/riscv-nuclei-elf/10.2.0/../../../../riscv-nuclei-elf/lib/rv64imafdc/lp64d\libg_nano.a(lib_a-fstatr.o)
 .riscv.attributes
                0x00000000000008b8       0x35 d:/kffang/backup_sofware/anlogicstudio0303/toolchain/fpsoc/gcc/bin/../lib/gcc/riscv-nuclei-elf/10.2.0/../../../../riscv-nuclei-elf/lib/rv64imafdc/lp64d\libg_nano.a(lib_a-isattyr.o)
 .riscv.attributes
                0x00000000000008ed       0x35 d:/kffang/backup_sofware/anlogicstudio0303/toolchain/fpsoc/gcc/bin/../lib/gcc/riscv-nuclei-elf/10.2.0/../../../../riscv-nuclei-elf/lib/rv64imafdc/lp64d\libg_nano.a(lib_a-lseekr.o)
 .riscv.attributes
                0x0000000000000922       0x35 d:/kffang/backup_sofware/anlogicstudio0303/toolchain/fpsoc/gcc/bin/../lib/gcc/riscv-nuclei-elf/10.2.0/../../../../riscv-nuclei-elf/lib/rv64imafdc/lp64d\libg_nano.a(lib_a-memchr.o)
 .riscv.attributes
                0x0000000000000957       0x35 d:/kffang/backup_sofware/anlogicstudio0303/toolchain/fpsoc/gcc/bin/../lib/gcc/riscv-nuclei-elf/10.2.0/../../../../riscv-nuclei-elf/lib/rv64imafdc/lp64d\libg_nano.a(lib_a-mlock.o)
 .riscv.attributes
                0x000000000000098c       0x35 d:/kffang/backup_sofware/anlogicstudio0303/toolchain/fpsoc/gcc/bin/../lib/gcc/riscv-nuclei-elf/10.2.0/../../../../riscv-nuclei-elf/lib/rv64imafdc/lp64d\libg_nano.a(lib_a-readr.o)

.comment        0x0000000000000000       0x12
 .comment       0x0000000000000000       0x12 ../../../../../SoC/demosoc/Common/Source/Drivers/al9000_dma.c.o
                                         0x13 (size before relaxing)
 .comment       0x0000000000000012       0x13 ../../../../../SoC/demosoc/Common/Source/Drivers/al9000_i2c.c.o
 .comment       0x0000000000000012       0x13 ../../../../../SoC/demosoc/Common/Source/Drivers/al9000_uart.c.o
 .comment       0x0000000000000012       0x13 ../../../../../SoC/demosoc/Common/Source/Stubs/close.c.o
 .comment       0x0000000000000012       0x13 ../../../../../SoC/demosoc/Common/Source/Stubs/fstat.c.o
 .comment       0x0000000000000012       0x13 ../../../../../SoC/demosoc/Common/Source/Stubs/isatty.c.o
 .comment       0x0000000000000012       0x13 ../../../../../SoC/demosoc/Common/Source/Stubs/lseek.c.o
 .comment       0x0000000000000012       0x13 ../../../../../SoC/demosoc/Common/Source/Stubs/read.c.o
 .comment       0x0000000000000012       0x13 ../../../../../SoC/demosoc/Common/Source/Stubs/sbrk.c.o
 .comment       0x0000000000000012       0x13 ../../../../../SoC/demosoc/Common/Source/Stubs/write.c.o
 .comment       0x0000000000000012       0x13 ../../../../../SoC/demosoc/Common/Source/system_demosoc.c.o
 .comment       0x0000000000000012       0x13 ./main.c.o
 .comment       0x0000000000000012       0x13 d:/kffang/backup_sofware/anlogicstudio0303/toolchain/fpsoc/gcc/bin/../lib/gcc/riscv-nuclei-elf/10.2.0/../../../../riscv-nuclei-elf/lib/rv64imafdc/lp64d\libg_nano.a(lib_a-atexit.o)
 .comment       0x0000000000000012       0x13 d:/kffang/backup_sofware/anlogicstudio0303/toolchain/fpsoc/gcc/bin/../lib/gcc/riscv-nuclei-elf/10.2.0/../../../../riscv-nuclei-elf/lib/rv64imafdc/lp64d\libg_nano.a(lib_a-fini.o)
 .comment       0x0000000000000012       0x13 d:/kffang/backup_sofware/anlogicstudio0303/toolchain/fpsoc/gcc/bin/../lib/gcc/riscv-nuclei-elf/10.2.0/../../../../riscv-nuclei-elf/lib/rv64imafdc/lp64d\libg_nano.a(lib_a-impure.o)
 .comment       0x0000000000000012       0x13 d:/kffang/backup_sofware/anlogicstudio0303/toolchain/fpsoc/gcc/bin/../lib/gcc/riscv-nuclei-elf/10.2.0/../../../../riscv-nuclei-elf/lib/rv64imafdc/lp64d\libg_nano.a(lib_a-init.o)
 .comment       0x0000000000000012       0x13 d:/kffang/backup_sofware/anlogicstudio0303/toolchain/fpsoc/gcc/bin/../lib/gcc/riscv-nuclei-elf/10.2.0/../../../../riscv-nuclei-elf/lib/rv64imafdc/lp64d\libg_nano.a(lib_a-printf.o)
 .comment       0x0000000000000012       0x13 d:/kffang/backup_sofware/anlogicstudio0303/toolchain/fpsoc/gcc/bin/../lib/gcc/riscv-nuclei-elf/10.2.0/../../../../riscv-nuclei-elf/lib/rv64imafdc/lp64d\libg_nano.a(lib_a-puts.o)
 .comment       0x0000000000000012       0x13 d:/kffang/backup_sofware/anlogicstudio0303/toolchain/fpsoc/gcc/bin/../lib/gcc/riscv-nuclei-elf/10.2.0/../../../../riscv-nuclei-elf/lib/rv64imafdc/lp64d\libg_nano.a(lib_a-reent.o)
 .comment       0x0000000000000012       0x13 d:/kffang/backup_sofware/anlogicstudio0303/toolchain/fpsoc/gcc/bin/../lib/gcc/riscv-nuclei-elf/10.2.0/../../../../riscv-nuclei-elf/lib/rv64imafdc/lp64d\libg_nano.a(lib_a-setvbuf.o)
 .comment       0x0000000000000012       0x13 d:/kffang/backup_sofware/anlogicstudio0303/toolchain/fpsoc/gcc/bin/../lib/gcc/riscv-nuclei-elf/10.2.0/../../../../riscv-nuclei-elf/lib/rv64imafdc/lp64d\libg_nano.a(lib_a-sysisatty.o)
 .comment       0x0000000000000012       0x13 d:/kffang/backup_sofware/anlogicstudio0303/toolchain/fpsoc/gcc/bin/../lib/gcc/riscv-nuclei-elf/10.2.0/../../../../riscv-nuclei-elf/lib/rv64imafdc/lp64d\libg_nano.a(lib_a-wbuf.o)
 .comment       0x0000000000000012       0x13 d:/kffang/backup_sofware/anlogicstudio0303/toolchain/fpsoc/gcc/bin/../lib/gcc/riscv-nuclei-elf/10.2.0/../../../../riscv-nuclei-elf/lib/rv64imafdc/lp64d\libg_nano.a(lib_a-wsetup.o)
 .comment       0x0000000000000012       0x13 d:/kffang/backup_sofware/anlogicstudio0303/toolchain/fpsoc/gcc/bin/../lib/gcc/riscv-nuclei-elf/10.2.0/../../../../riscv-nuclei-elf/lib/rv64imafdc/lp64d\libg_nano.a(lib_a-__atexit.o)
 .comment       0x0000000000000012       0x13 d:/kffang/backup_sofware/anlogicstudio0303/toolchain/fpsoc/gcc/bin/../lib/gcc/riscv-nuclei-elf/10.2.0/../../../../riscv-nuclei-elf/lib/rv64imafdc/lp64d\libg_nano.a(lib_a-__call_atexit.o)
 .comment       0x0000000000000012       0x13 d:/kffang/backup_sofware/anlogicstudio0303/toolchain/fpsoc/gcc/bin/../lib/gcc/riscv-nuclei-elf/10.2.0/../../../../riscv-nuclei-elf/lib/rv64imafdc/lp64d\libg_nano.a(lib_a-fflush.o)
 .comment       0x0000000000000012       0x13 d:/kffang/backup_sofware/anlogicstudio0303/toolchain/fpsoc/gcc/bin/../lib/gcc/riscv-nuclei-elf/10.2.0/../../../../riscv-nuclei-elf/lib/rv64imafdc/lp64d\libg_nano.a(lib_a-findfp.o)
 .comment       0x0000000000000012       0x13 d:/kffang/backup_sofware/anlogicstudio0303/toolchain/fpsoc/gcc/bin/../lib/gcc/riscv-nuclei-elf/10.2.0/../../../../riscv-nuclei-elf/lib/rv64imafdc/lp64d\libg_nano.a(lib_a-fwalk.o)
 .comment       0x0000000000000012       0x13 d:/kffang/backup_sofware/anlogicstudio0303/toolchain/fpsoc/gcc/bin/../lib/gcc/riscv-nuclei-elf/10.2.0/../../../../riscv-nuclei-elf/lib/rv64imafdc/lp64d\libg_nano.a(lib_a-makebuf.o)
 .comment       0x0000000000000012       0x13 d:/kffang/backup_sofware/anlogicstudio0303/toolchain/fpsoc/gcc/bin/../lib/gcc/riscv-nuclei-elf/10.2.0/../../../../riscv-nuclei-elf/lib/rv64imafdc/lp64d\libg_nano.a(lib_a-malloc.o)
 .comment       0x0000000000000012       0x13 d:/kffang/backup_sofware/anlogicstudio0303/toolchain/fpsoc/gcc/bin/../lib/gcc/riscv-nuclei-elf/10.2.0/../../../../riscv-nuclei-elf/lib/rv64imafdc/lp64d\libg_nano.a(lib_a-nano-freer.o)
 .comment       0x0000000000000012       0x13 d:/kffang/backup_sofware/anlogicstudio0303/toolchain/fpsoc/gcc/bin/../lib/gcc/riscv-nuclei-elf/10.2.0/../../../../riscv-nuclei-elf/lib/rv64imafdc/lp64d\libg_nano.a(lib_a-nano-mallocr.o)
 .comment       0x0000000000000012       0x13 d:/kffang/backup_sofware/anlogicstudio0303/toolchain/fpsoc/gcc/bin/../lib/gcc/riscv-nuclei-elf/10.2.0/../../../../riscv-nuclei-elf/lib/rv64imafdc/lp64d\libg_nano.a(lib_a-nano-vfprintf.o)
 .comment       0x0000000000000012       0x13 d:/kffang/backup_sofware/anlogicstudio0303/toolchain/fpsoc/gcc/bin/../lib/gcc/riscv-nuclei-elf/10.2.0/../../../../riscv-nuclei-elf/lib/rv64imafdc/lp64d\libg_nano.a(lib_a-nano-vfprintf_i.o)
 .comment       0x0000000000000012       0x13 d:/kffang/backup_sofware/anlogicstudio0303/toolchain/fpsoc/gcc/bin/../lib/gcc/riscv-nuclei-elf/10.2.0/../../../../riscv-nuclei-elf/lib/rv64imafdc/lp64d\libg_nano.a(lib_a-sbrkr.o)
 .comment       0x0000000000000012       0x13 d:/kffang/backup_sofware/anlogicstudio0303/toolchain/fpsoc/gcc/bin/../lib/gcc/riscv-nuclei-elf/10.2.0/../../../../riscv-nuclei-elf/lib/rv64imafdc/lp64d\libg_nano.a(lib_a-stdio.o)
 .comment       0x0000000000000012       0x13 d:/kffang/backup_sofware/anlogicstudio0303/toolchain/fpsoc/gcc/bin/../lib/gcc/riscv-nuclei-elf/10.2.0/../../../../riscv-nuclei-elf/lib/rv64imafdc/lp64d\libg_nano.a(lib_a-writer.o)
 .comment       0x0000000000000012       0x13 d:/kffang/backup_sofware/anlogicstudio0303/toolchain/fpsoc/gcc/bin/../lib/gcc/riscv-nuclei-elf/10.2.0/../../../../riscv-nuclei-elf/lib/rv64imafdc/lp64d\libg_nano.a(lib_a-closer.o)
 .comment       0x0000000000000012       0x13 d:/kffang/backup_sofware/anlogicstudio0303/toolchain/fpsoc/gcc/bin/../lib/gcc/riscv-nuclei-elf/10.2.0/../../../../riscv-nuclei-elf/lib/rv64imafdc/lp64d\libg_nano.a(lib_a-fstatr.o)
 .comment       0x0000000000000012       0x13 d:/kffang/backup_sofware/anlogicstudio0303/toolchain/fpsoc/gcc/bin/../lib/gcc/riscv-nuclei-elf/10.2.0/../../../../riscv-nuclei-elf/lib/rv64imafdc/lp64d\libg_nano.a(lib_a-isattyr.o)
 .comment       0x0000000000000012       0x13 d:/kffang/backup_sofware/anlogicstudio0303/toolchain/fpsoc/gcc/bin/../lib/gcc/riscv-nuclei-elf/10.2.0/../../../../riscv-nuclei-elf/lib/rv64imafdc/lp64d\libg_nano.a(lib_a-lseekr.o)
 .comment       0x0000000000000012       0x13 d:/kffang/backup_sofware/anlogicstudio0303/toolchain/fpsoc/gcc/bin/../lib/gcc/riscv-nuclei-elf/10.2.0/../../../../riscv-nuclei-elf/lib/rv64imafdc/lp64d\libg_nano.a(lib_a-memchr.o)
 .comment       0x0000000000000012       0x13 d:/kffang/backup_sofware/anlogicstudio0303/toolchain/fpsoc/gcc/bin/../lib/gcc/riscv-nuclei-elf/10.2.0/../../../../riscv-nuclei-elf/lib/rv64imafdc/lp64d\libg_nano.a(lib_a-mlock.o)
 .comment       0x0000000000000012       0x13 d:/kffang/backup_sofware/anlogicstudio0303/toolchain/fpsoc/gcc/bin/../lib/gcc/riscv-nuclei-elf/10.2.0/../../../../riscv-nuclei-elf/lib/rv64imafdc/lp64d\libg_nano.a(lib_a-readr.o)

.debug_line     0x0000000000000000     0x5a3c
 .debug_line    0x0000000000000000       0xdc ../../../../../SoC/demosoc/Common/Source/GCC/intexc_demosoc.S.o
 .debug_line    0x00000000000000dc      0x1b2 ../../../../../SoC/demosoc/Common/Source/GCC/startup_demosoc.S.o
 .debug_line    0x000000000000028e     0x2b50 ../../../../../SoC/demosoc/Common/Source/Drivers/al9000_dma.c.o
 .debug_line    0x0000000000002dde      0x855 ../../../../../SoC/demosoc/Common/Source/Drivers/al9000_i2c.c.o
 .debug_line    0x0000000000003633      0xbbc ../../../../../SoC/demosoc/Common/Source/Drivers/al9000_uart.c.o
 .debug_line    0x00000000000041ef       0x83 ../../../../../SoC/demosoc/Common/Source/Stubs/close.c.o
 .debug_line    0x0000000000004272      0x1b7 ../../../../../SoC/demosoc/Common/Source/Stubs/fstat.c.o
 .debug_line    0x0000000000004429       0x7c ../../../../../SoC/demosoc/Common/Source/Stubs/isatty.c.o
 .debug_line    0x00000000000044a5       0x7b ../../../../../SoC/demosoc/Common/Source/Stubs/lseek.c.o
 .debug_line    0x0000000000004520      0x242 ../../../../../SoC/demosoc/Common/Source/Stubs/read.c.o
 .debug_line    0x0000000000004762      0x12d ../../../../../SoC/demosoc/Common/Source/Stubs/sbrk.c.o
 .debug_line    0x000000000000488f      0x291 ../../../../../SoC/demosoc/Common/Source/Stubs/write.c.o
 .debug_line    0x0000000000004b20      0x8bb ../../../../../SoC/demosoc/Common/Source/system_demosoc.c.o
 .debug_line    0x00000000000053db      0x661 ./main.c.o

.debug_info     0x0000000000000000     0x956a
 .debug_info    0x0000000000000000       0x22 ../../../../../SoC/demosoc/Common/Source/GCC/intexc_demosoc.S.o
 .debug_info    0x0000000000000022       0x2e ../../../../../SoC/demosoc/Common/Source/GCC/startup_demosoc.S.o
 .debug_info    0x0000000000000050     0x3932 ../../../../../SoC/demosoc/Common/Source/Drivers/al9000_dma.c.o
 .debug_info    0x0000000000003982     0x12bf ../../../../../SoC/demosoc/Common/Source/Drivers/al9000_i2c.c.o
 .debug_info    0x0000000000004c41     0x1794 ../../../../../SoC/demosoc/Common/Source/Drivers/al9000_uart.c.o
 .debug_info    0x00000000000063d5       0xb7 ../../../../../SoC/demosoc/Common/Source/Stubs/close.c.o
 .debug_info    0x000000000000648c      0x2c8 ../../../../../SoC/demosoc/Common/Source/Stubs/fstat.c.o
 .debug_info    0x0000000000006754       0xab ../../../../../SoC/demosoc/Common/Source/Stubs/isatty.c.o
 .debug_info    0x00000000000067ff       0xca ../../../../../SoC/demosoc/Common/Source/Stubs/lseek.c.o
 .debug_info    0x00000000000068c9      0x289 ../../../../../SoC/demosoc/Common/Source/Stubs/read.c.o
 .debug_info    0x0000000000006b52       0xf9 ../../../../../SoC/demosoc/Common/Source/Stubs/sbrk.c.o
 .debug_info    0x0000000000006c4b      0x2b2 ../../../../../SoC/demosoc/Common/Source/Stubs/write.c.o
 .debug_info    0x0000000000006efd      0xf7c ../../../../../SoC/demosoc/Common/Source/system_demosoc.c.o
 .debug_info    0x0000000000007e79     0x16f1 ./main.c.o

.debug_abbrev   0x0000000000000000     0x1352
 .debug_abbrev  0x0000000000000000       0x12 ../../../../../SoC/demosoc/Common/Source/GCC/intexc_demosoc.S.o
 .debug_abbrev  0x0000000000000012       0x14 ../../../../../SoC/demosoc/Common/Source/GCC/startup_demosoc.S.o
 .debug_abbrev  0x0000000000000026      0x32d ../../../../../SoC/demosoc/Common/Source/Drivers/al9000_dma.c.o
 .debug_abbrev  0x0000000000000353      0x226 ../../../../../SoC/demosoc/Common/Source/Drivers/al9000_i2c.c.o
 .debug_abbrev  0x0000000000000579      0x387 ../../../../../SoC/demosoc/Common/Source/Drivers/al9000_uart.c.o
 .debug_abbrev  0x0000000000000900       0x6a ../../../../../SoC/demosoc/Common/Source/Stubs/close.c.o
 .debug_abbrev  0x000000000000096a       0xc9 ../../../../../SoC/demosoc/Common/Source/Stubs/fstat.c.o
 .debug_abbrev  0x0000000000000a33       0x57 ../../../../../SoC/demosoc/Common/Source/Stubs/isatty.c.o
 .debug_abbrev  0x0000000000000a8a       0x57 ../../../../../SoC/demosoc/Common/Source/Stubs/lseek.c.o
 .debug_abbrev  0x0000000000000ae1       0xe2 ../../../../../SoC/demosoc/Common/Source/Stubs/read.c.o
 .debug_abbrev  0x0000000000000bc3       0xa8 ../../../../../SoC/demosoc/Common/Source/Stubs/sbrk.c.o
 .debug_abbrev  0x0000000000000c6b      0x101 ../../../../../SoC/demosoc/Common/Source/Stubs/write.c.o
 .debug_abbrev  0x0000000000000d6c      0x402 ../../../../../SoC/demosoc/Common/Source/system_demosoc.c.o
 .debug_abbrev  0x000000000000116e      0x1e4 ./main.c.o

.debug_aranges  0x0000000000000000      0xa40
 .debug_aranges
                0x0000000000000000       0x40 ../../../../../SoC/demosoc/Common/Source/GCC/intexc_demosoc.S.o
 .debug_aranges
                0x0000000000000040       0x30 ../../../../../SoC/demosoc/Common/Source/GCC/startup_demosoc.S.o
 .debug_aranges
                0x0000000000000070      0x360 ../../../../../SoC/demosoc/Common/Source/Drivers/al9000_dma.c.o
 .debug_aranges
                0x00000000000003d0      0x200 ../../../../../SoC/demosoc/Common/Source/Drivers/al9000_i2c.c.o
 .debug_aranges
                0x00000000000005d0      0x1d0 ../../../../../SoC/demosoc/Common/Source/Drivers/al9000_uart.c.o
 .debug_aranges
                0x00000000000007a0       0x30 ../../../../../SoC/demosoc/Common/Source/Stubs/close.c.o
 .debug_aranges
                0x00000000000007d0       0x30 ../../../../../SoC/demosoc/Common/Source/Stubs/fstat.c.o
 .debug_aranges
                0x0000000000000800       0x30 ../../../../../SoC/demosoc/Common/Source/Stubs/isatty.c.o
 .debug_aranges
                0x0000000000000830       0x30 ../../../../../SoC/demosoc/Common/Source/Stubs/lseek.c.o
 .debug_aranges
                0x0000000000000860       0x30 ../../../../../SoC/demosoc/Common/Source/Stubs/read.c.o
 .debug_aranges
                0x0000000000000890       0x30 ../../../../../SoC/demosoc/Common/Source/Stubs/sbrk.c.o
 .debug_aranges
                0x00000000000008c0       0x30 ../../../../../SoC/demosoc/Common/Source/Stubs/write.c.o
 .debug_aranges
                0x00000000000008f0      0x100 ../../../../../SoC/demosoc/Common/Source/system_demosoc.c.o
 .debug_aranges
                0x00000000000009f0       0x50 ./main.c.o

.debug_str      0x0000000000000000     0x39ca
 .debug_str     0x0000000000000000       0xbf ../../../../../SoC/demosoc/Common/Source/GCC/intexc_demosoc.S.o
 .debug_str     0x00000000000000bf       0x3f ../../../../../SoC/demosoc/Common/Source/GCC/startup_demosoc.S.o
                                         0xc0 (size before relaxing)
 .debug_str     0x00000000000000fe     0x1f93 ../../../../../SoC/demosoc/Common/Source/Drivers/al9000_dma.c.o
                                       0x213d (size before relaxing)
 .debug_str     0x0000000000002091      0x30f ../../../../../SoC/demosoc/Common/Source/Drivers/al9000_i2c.c.o
                                        0xb7b (size before relaxing)
 .debug_str     0x00000000000023a0      0x92f ../../../../../SoC/demosoc/Common/Source/Drivers/al9000_uart.c.o
                                        0xe01 (size before relaxing)
 .debug_str     0x0000000000002ccf       0x37 ../../../../../SoC/demosoc/Common/Source/Stubs/close.c.o
                                        0x1dc (size before relaxing)
 .debug_str     0x0000000000002d06      0x123 ../../../../../SoC/demosoc/Common/Source/Stubs/fstat.c.o
                                        0x31d (size before relaxing)
 .debug_str     0x0000000000002e29       0x40 ../../../../../SoC/demosoc/Common/Source/Stubs/isatty.c.o
                                        0x1d8 (size before relaxing)
 .debug_str     0x0000000000002e69       0x45 ../../../../../SoC/demosoc/Common/Source/Stubs/lseek.c.o
                                        0x1e9 (size before relaxing)
 .debug_str     0x0000000000002eae       0x3e ../../../../../SoC/demosoc/Common/Source/Stubs/read.c.o
                                        0x268 (size before relaxing)
 .debug_str     0x0000000000002eec       0x5c ../../../../../SoC/demosoc/Common/Source/Stubs/sbrk.c.o
                                        0x1f9 (size before relaxing)
 .debug_str     0x0000000000002f48       0x40 ../../../../../SoC/demosoc/Common/Source/Stubs/write.c.o
                                        0x26b (size before relaxing)
 .debug_str     0x0000000000002f88      0x9d4 ../../../../../SoC/demosoc/Common/Source/system_demosoc.c.o
                                        0xce5 (size before relaxing)
 .debug_str     0x000000000000395c       0x6e ./main.c.o
                                       0x11b1 (size before relaxing)

.debug_ranges   0x0000000000000000      0x950
 .debug_ranges  0x0000000000000000       0x40 ../../../../../SoC/demosoc/Common/Source/GCC/intexc_demosoc.S.o
 .debug_ranges  0x0000000000000040      0x350 ../../../../../SoC/demosoc/Common/Source/Drivers/al9000_dma.c.o
 .debug_ranges  0x0000000000000390      0x1f0 ../../../../../SoC/demosoc/Common/Source/Drivers/al9000_i2c.c.o
 .debug_ranges  0x0000000000000580      0x1c0 ../../../../../SoC/demosoc/Common/Source/Drivers/al9000_uart.c.o
 .debug_ranges  0x0000000000000740       0x20 ../../../../../SoC/demosoc/Common/Source/Stubs/close.c.o
 .debug_ranges  0x0000000000000760       0x20 ../../../../../SoC/demosoc/Common/Source/Stubs/fstat.c.o
 .debug_ranges  0x0000000000000780       0x20 ../../../../../SoC/demosoc/Common/Source/Stubs/isatty.c.o
 .debug_ranges  0x00000000000007a0       0x20 ../../../../../SoC/demosoc/Common/Source/Stubs/lseek.c.o
 .debug_ranges  0x00000000000007c0       0x20 ../../../../../SoC/demosoc/Common/Source/Stubs/read.c.o
 .debug_ranges  0x00000000000007e0       0x20 ../../../../../SoC/demosoc/Common/Source/Stubs/sbrk.c.o
 .debug_ranges  0x0000000000000800       0x20 ../../../../../SoC/demosoc/Common/Source/Stubs/write.c.o
 .debug_ranges  0x0000000000000820       0xf0 ../../../../../SoC/demosoc/Common/Source/system_demosoc.c.o
 .debug_ranges  0x0000000000000910       0x40 ./main.c.o

.debug_frame    0x0000000000000000     0x19d0
 .debug_frame   0x0000000000000000      0x9e8 ../../../../../SoC/demosoc/Common/Source/Drivers/al9000_dma.c.o
 .debug_frame   0x00000000000009e8      0x5b0 ../../../../../SoC/demosoc/Common/Source/Drivers/al9000_i2c.c.o
 .debug_frame   0x0000000000000f98      0x520 ../../../../../SoC/demosoc/Common/Source/Drivers/al9000_uart.c.o
 .debug_frame   0x00000000000014b8       0x40 ../../../../../SoC/demosoc/Common/Source/Stubs/close.c.o
 .debug_frame   0x00000000000014f8       0x40 ../../../../../SoC/demosoc/Common/Source/Stubs/fstat.c.o
 .debug_frame   0x0000000000001538       0x40 ../../../../../SoC/demosoc/Common/Source/Stubs/isatty.c.o
 .debug_frame   0x0000000000001578       0x40 ../../../../../SoC/demosoc/Common/Source/Stubs/lseek.c.o
 .debug_frame   0x00000000000015b8       0x40 ../../../../../SoC/demosoc/Common/Source/Stubs/read.c.o
 .debug_frame   0x00000000000015f8       0x40 ../../../../../SoC/demosoc/Common/Source/Stubs/sbrk.c.o
 .debug_frame   0x0000000000001638       0x40 ../../../../../SoC/demosoc/Common/Source/Stubs/write.c.o
 .debug_frame   0x0000000000001678      0x2b0 ../../../../../SoC/demosoc/Common/Source/system_demosoc.c.o
 .debug_frame   0x0000000000001928       0xa8 ./main.c.o
